[ WARN:0@0.055] global net_impl_backend.cpp:345 setPreferableTarget Targets are not supported by the new graph engine for now
[casia] 500/123533 frames
[casia] 1000/123533 frames
[casia] 1500/123533 frames
[casia] 2000/123533 frames
[casia] 2500/123533 frames
[casia] 3000/123533 frames
[casia] 3500/123533 frames
[casia] 4000/123533 frames
[casia] 4500/123533 frames
[casia] 5000/123533 frames
[casia] 5500/123533 frames
[casia] 6000/123533 frames
[casia] 6500/123533 frames
[casia] 7000/123533 frames
[casia] 7500/123533 frames
[casia] 8000/123533 frames
[casia] 8500/123533 frames
[casia] 9000/123533 frames
[casia] 9500/123533 frames
[casia] 10000/123533 frames
[casia] 10500/123533 frames
[casia] 11000/123533 frames
[casia] 11500/123533 frames
[casia] 12000/123533 frames
[casia] 12500/123533 frames
[casia] 13000/123533 frames
[casia] 13500/123533 frames
[casia] 14000/123533 frames
[casia] 14500/123533 frames
[casia] 15000/123533 frames
[casia] 15500/123533 frames
[casia] 16000/123533 frames
[casia] 16500/123533 frames
[casia] 17000/123533 frames
[casia] 17500/123533 frames
[casia] 18000/123533 frames
[casia] 18500/123533 frames
[casia] 19000/123533 frames
[casia] 19500/123533 frames
[casia] 20000/123533 frames
[casia] 20500/123533 frames
[casia] 21000/123533 frames
[casia] 21500/123533 frames
[casia] 22000/123533 frames
[casia] 22500/123533 frames
[casia] 23000/123533 frames
[casia] 23500/123533 frames
[casia] 24000/123533 frames
[casia] 24500/123533 frames
[casia] 25000/123533 frames
[casia] 25500/123533 frames
[casia] 26000/123533 frames
[casia] 26500/123533 frames
[casia] 27000/123533 frames
[casia] 27500/123533 frames
[casia] 28000/123533 frames
[casia] 28500/123533 frames
[casia] 29000/123533 frames
[casia] 29500/123533 frames
[casia] 30000/123533 frames
[casia] 30500/123533 frames
[casia] 31000/123533 frames
[casia] 31500/123533 frames
[casia] 32000/123533 frames
[casia] 32500/123533 frames
[casia] 33000/123533 frames
[casia] 33500/123533 frames
[casia] 34000/123533 frames
[casia] 34500/123533 frames
[casia] 35000/123533 frames
[casia] 35500/123533 frames
[casia] 36000/123533 frames
[casia] 36500/123533 frames
[casia] 37000/123533 frames
[casia] 37500/123533 frames
[casia] 38000/123533 frames
[casia] 38500/123533 frames
[casia] 39000/123533 frames
[casia] 39500/123533 frames
[casia] 40000/123533 frames
[casia] 40500/123533 frames
[casia] 41000/123533 frames
[casia] 41500/123533 frames
[casia] 42000/123533 frames
[casia] 42500/123533 frames
[casia] 43000/123533 frames
[casia] 43500/123533 frames
[casia] 44000/123533 frames
[casia] 44500/123533 frames
[casia] 45000/123533 frames
[casia] 45500/123533 frames
[casia] 46000/123533 frames
[casia] 46500/123533 frames
[casia] 47000/123533 frames
[casia] 47500/123533 frames
[casia] 48000/123533 frames
[casia] 48500/123533 frames
[casia] 49000/123533 frames
[casia] 49500/123533 frames
[casia] 50000/123533 frames
[casia] 50500/123533 frames
[casia] 51000/123533 frames
[casia] 51500/123533 frames
[casia] 52000/123533 frames
[casia] 52500/123533 frames
[casia] 53000/123533 frames
[casia] 53500/123533 frames
[casia] 54000/123533 frames
[casia] 54500/123533 frames
[casia] 55000/123533 frames
[casia] 55500/123533 frames
[casia] 56000/123533 frames
[casia] 56500/123533 frames
[casia] 57000/123533 frames
[casia] 57500/123533 frames
[casia] 58000/123533 frames
[casia] 58500/123533 frames
[casia] 59000/123533 frames
[casia] 59500/123533 frames
[casia] 60000/123533 frames
[casia] 60500/123533 frames
[casia] 61000/123533 frames
[casia] 61500/123533 frames
[casia] 62000/123533 frames
[casia] 62500/123533 frames
[casia] 63000/123533 frames
[casia] 63500/123533 frames
[casia] 64000/123533 frames
[casia] 64500/123533 frames
[casia] 65000/123533 frames
[casia] 65500/123533 frames
[casia] 66000/123533 frames
[casia] 66500/123533 frames
[casia] 67000/123533 frames
[casia] 67500/123533 frames
[casia] 68000/123533 frames
[casia] 68500/123533 frames
[casia] 69000/123533 frames
[casia] 69500/123533 frames
[casia] 70000/123533 frames
[casia] 70500/123533 frames
[casia] 71000/123533 frames
[casia] 71500/123533 frames
[casia] 72000/123533 frames
[casia] 72500/123533 frames
[casia] 73000/123533 frames
[casia] 73500/123533 frames
[casia] 74000/123533 frames
[casia] 74500/123533 frames
[casia] 75000/123533 frames
[casia] 75500/123533 frames
[casia] 76000/123533 frames
[casia] 76500/123533 frames
[casia] 77000/123533 frames
[casia] 77500/123533 frames
[casia] 78000/123533 frames
[casia] 78500/123533 frames
[casia] 79000/123533 frames
[casia] 79500/123533 frames
[casia] 80000/123533 frames
[casia] 80500/123533 frames
[casia] 81000/123533 frames
[casia] 81500/123533 frames
[casia] 82000/123533 frames
[casia] 82500/123533 frames
[casia] 83000/123533 frames
[casia] 83500/123533 frames
[casia] 84000/123533 frames
[casia] 84500/123533 frames
[casia] 85000/123533 frames
[casia] 85500/123533 frames
[casia] 86000/123533 frames
[casia] 86500/123533 frames
[casia] 87000/123533 frames
[casia] 87500/123533 frames
[casia] 88000/123533 frames
[casia] 88500/123533 frames
[casia] 89000/123533 frames
[casia] 89500/123533 frames
[casia] 90000/123533 frames
[casia] 90500/123533 frames
[casia] 91000/123533 frames
[casia] 91500/123533 frames
[casia] 92000/123533 frames
[casia] 92500/123533 frames
[casia] 93000/123533 frames
[casia] 93500/123533 frames
[casia] 94000/123533 frames
[casia] 94500/123533 frames
[casia] 95000/123533 frames
[casia] 95500/123533 frames
[casia] 96000/123533 frames
[casia] 96500/123533 frames
[casia] 97000/123533 frames
[casia] 97500/123533 frames
[casia] 98000/123533 frames
[casia] 98500/123533 frames
[casia] 99000/123533 frames
[casia] 99500/123533 frames
[casia] 100000/123533 frames
[casia] 100500/123533 frames
[casia] 101000/123533 frames
[casia] 101500/123533 frames
[casia] 102000/123533 frames
[casia] 102500/123533 frames
[casia] 103000/123533 frames
[casia] 103500/123533 frames
[casia] 104000/123533 frames
[casia] 104500/123533 frames
[casia] 105000/123533 frames
[casia] 105500/123533 frames
[casia] 106000/123533 frames
[casia] 106500/123533 frames
[casia] 107000/123533 frames
[casia] 107500/123533 frames
[casia] 108000/123533 frames
[casia] 108500/123533 frames
[casia] 109000/123533 frames
[casia] 109500/123533 frames
[casia] 110000/123533 frames
[casia] 110500/123533 frames
[casia] 111000/123533 frames
[casia] 111500/123533 frames
[casia] 112000/123533 frames
[casia] 112500/123533 frames
[casia] 113000/123533 frames
[casia] 113500/123533 frames
[casia] 114000/123533 frames
[casia] 114500/123533 frames
[casia] 115000/123533 frames
[casia] 115500/123533 frames
[casia] 116000/123533 frames
[casia] 116500/123533 frames
[casia] 117000/123533 frames
[casia] 117500/123533 frames
[casia] 118000/123533 frames
[casia] 118500/123533 frames
[casia] 119000/123533 frames
[casia] 119500/123533 frames
[casia] 120000/123533 frames
[casia] 120500/123533 frames
[casia] 121000/123533 frames
[casia] 121500/123533 frames
[casia] 122000/123533 frames
[casia] 122500/123533 frames
[casia] 123000/123533 frames
[casia] 123500/123533 frames
{"images": 123533, "scored": 123533, "detected": 123214, "apcer": 0.16697561414559525, "bpcer": 0.6528436018957346, "auc": 0.7023759630886446, "threshold_sweep": [{"threshold": 0.35, "apcer": 0.15862503374426348, "bpcer": 0.6702211690363349}, {"threshold": 0.4, "apcer": 0.16697561414559525, "bpcer": 0.6528436018957346}, {"threshold": 0.45, "apcer": 0.17611805992981194, "bpcer": 0.6373420221169036}, {"threshold": 0.5, "apcer": 0.1841446954017817, "bpcer": 0.621544233807267}, {"threshold": 0.55, "apcer": 0.1922073247547917, "bpcer": 0.6044628751974723}, {"threshold": 0.6, "apcer": 0.20075587150184468, "bpcer": 0.5872827804107424}, {"threshold": 0.7, "apcer": 0.2202105642040853, "bpcer": 0.5512440758293838}], "wall_s": 1557.3}
merged casia_fasd into results-pad-rgb-mn3.json
[ WARN:0@0.046] global net_impl_backend.cpp:345 setPreferableTarget Targets are not supported by the new graph engine for now
{"clips": 703, "images": 1701, "scored": 1701, "detected": 1701, "voted": {"apcer": 0.3388888888888889, "bpcer": 0.04956268221574344, "auc": 0.9011418853255588, "threshold_sweep": [{"threshold": 0.35, "apcer": 0.3194444444444444, "bpcer": 0.05539358600583091}, {"threshold": 0.4, "apcer": 0.3388888888888889, "bpcer": 0.04956268221574344}, {"threshold": 0.45, "apcer": 0.35, "bpcer": 0.04956268221574344}, {"threshold": 0.5, "apcer": 0.3861111111111111, "bpcer": 0.04664723032069971}, {"threshold": 0.55, "apcer": 0.4305555555555556, "bpcer": 0.04664723032069971}, {"threshold": 0.6, "apcer": 0.44722222222222224, "bpcer": 0.04664723032069971}, {"threshold": 0.7, "apcer": 0.475, "bpcer": 0.04081632653061224}]}, "frame_level": {"apcer": 0.4101620029455081, "bpcer": 0.04956268221574344, "auc": 0.8692834171328957, "threshold_sweep": [{"threshold": 0.35, "apcer": 0.39985272459499266, "bpcer": 0.05539358600583091}, {"threshold": 0.4, "apcer": 0.4101620029455081, "bpcer": 0.04956268221574344}, {"threshold": 0.45, "apcer": 0.41973490427098675, "bpcer": 0.04956268221574344}, {"threshold": 0.5, "apcer": 0.42488954344624447, "bpcer": 0.04664723032069971}, {"threshold": 0.55, "apcer": 0.4329896907216495, "bpcer": 0.04664723032069971}, {"threshold": 0.6, "apcer": 0.44550810014727543, "bpcer": 0.04664723032069971}, {"threshold": 0.7, "apcer": 0.4698085419734904, "bpcer": 0.04081632653061224}]}, "wall_s": 31.1}
merged oulu_npu into results-pad-rgb-mn3.json
[celeba 0/167] 256/911 rows
[celeba 0/167] 512/911 rows
[celeba 0/167] 768/911 rows
[celeba 0/167] 911/911 rows
[celeba] shard 0 done: 911 scored, 0 skipped, 7.7s
[celeba 1/167] 256/911 rows
[celeba 1/167] 512/911 rows
[celeba 1/167] 768/911 rows
[celeba 1/167] 911/911 rows
[celeba] shard 1 done: 911 scored, 0 skipped, 6.5s
[celeba 2/167] 256/911 rows
[celeba 2/167] 512/911 rows
[celeba 2/167] 768/911 rows
[celeba 2/167] 911/911 rows
[celeba] shard 2 done: 911 scored, 0 skipped, 5.9s
[celeba 3/167] 256/911 rows
[celeba 3/167] 512/911 rows
[celeba 3/167] 768/911 rows
[celeba 3/167] 911/911 rows
[celeba] shard 3 done: 911 scored, 0 skipped, 7.8s
[celeba 4/167] 256/911 rows
[celeba 4/167] 512/911 rows
[celeba 4/167] 768/911 rows
[celeba 4/167] 911/911 rows
[celeba] shard 4 done: 911 scored, 0 skipped, 5.9s
[celeba 5/167] 256/911 rows
[celeba 5/167] 512/911 rows
[celeba 5/167] 768/911 rows
[celeba 5/167] 911/911 rows
[celeba] shard 5 done: 911 scored, 0 skipped, 6.3s
[celeba 6/167] 256/911 rows
[celeba 6/167] 512/911 rows
[celeba 6/167] 768/911 rows
[celeba 6/167] 911/911 rows
[celeba] shard 6 done: 911 scored, 0 skipped, 6.2s
[celeba 7/167] 256/911 rows
[celeba 7/167] 512/911 rows
[celeba 7/167] 768/911 rows
[celeba 7/167] 911/911 rows
[celeba] shard 7 done: 911 scored, 0 skipped, 7.4s
[celeba 8/167] 256/911 rows
[celeba 8/167] 512/911 rows
[celeba 8/167] 768/911 rows
[celeba 8/167] 911/911 rows
[celeba] shard 8 done: 911 scored, 0 skipped, 6.6s
[celeba 9/167] 256/911 rows
[celeba 9/167] 512/911 rows
[celeba 9/167] 768/911 rows
[celeba 9/167] 911/911 rows
[celeba] shard 9 done: 911 scored, 0 skipped, 7.7s
[celeba 10/167] 256/911 rows
[celeba 10/167] 512/911 rows
[celeba 10/167] 768/911 rows
[celeba 10/167] 911/911 rows
[celeba] shard 10 done: 911 scored, 0 skipped, 6.4s
[celeba 11/167] 256/911 rows
[celeba 11/167] 512/911 rows
[celeba 11/167] 768/911 rows
[celeba 11/167] 911/911 rows
[celeba] shard 11 done: 911 scored, 0 skipped, 6.7s
[celeba 12/167] 256/911 rows
[celeba 12/167] 512/911 rows
[celeba 12/167] 768/911 rows
[celeba 12/167] 911/911 rows
[celeba] shard 12 done: 911 scored, 0 skipped, 5.7s
[celeba 13/167] 256/911 rows
[celeba 13/167] 512/911 rows
[celeba 13/167] 768/911 rows
[celeba 13/167] 911/911 rows
[celeba] shard 13 done: 911 scored, 0 skipped, 7.3s
[celeba 14/167] 256/911 rows
[celeba 14/167] 512/911 rows
[celeba 14/167] 768/911 rows
[celeba 14/167] 911/911 rows
[celeba] shard 14 done: 911 scored, 0 skipped, 7.7s
[celeba 15/167] 256/911 rows
[celeba 15/167] 512/911 rows
[celeba 15/167] 768/911 rows
[celeba 15/167] 911/911 rows
[celeba] shard 15 done: 911 scored, 0 skipped, 6.2s
[celeba 16/167] 256/911 rows
[celeba 16/167] 512/911 rows
[celeba 16/167] 768/911 rows
[celeba 16/167] 911/911 rows
[celeba] shard 16 done: 911 scored, 0 skipped, 5.9s
[celeba 17/167] 256/911 rows
[celeba 17/167] 512/911 rows
[celeba 17/167] 768/911 rows
[celeba 17/167] 911/911 rows
[celeba] shard 17 done: 911 scored, 0 skipped, 6.3s
[celeba 18/167] 256/911 rows
[celeba 18/167] 512/911 rows
[celeba 18/167] 768/911 rows
[celeba 18/167] 911/911 rows
[celeba] shard 18 done: 911 scored, 0 skipped, 7.2s
[celeba 19/167] 256/911 rows
[celeba 19/167] 512/911 rows
[celeba 19/167] 768/911 rows
[celeba 19/167] 911/911 rows
[celeba] shard 19 done: 911 scored, 0 skipped, 7.6s
[celeba 20/167] 256/911 rows
[celeba 20/167] 512/911 rows
[celeba 20/167] 768/911 rows
[celeba 20/167] 911/911 rows
[celeba] shard 20 done: 911 scored, 0 skipped, 5.1s
[celeba 21/167] 256/911 rows
[celeba 21/167] 512/911 rows
[celeba 21/167] 768/911 rows
[celeba 21/167] 911/911 rows
[celeba] shard 21 done: 911 scored, 0 skipped, 6.6s
[celeba 22/167] 256/911 rows
[celeba 22/167] 512/911 rows
[celeba 22/167] 768/911 rows
[celeba 22/167] 911/911 rows
[celeba] shard 22 done: 911 scored, 0 skipped, 6.4s
[celeba 23/167] 256/911 rows
[celeba 23/167] 512/911 rows
[celeba 23/167] 768/911 rows
[celeba 23/167] 911/911 rows
[celeba] shard 23 done: 911 scored, 0 skipped, 5.5s
[celeba 24/167] 256/911 rows
[celeba 24/167] 512/911 rows
[celeba 24/167] 768/911 rows
[celeba 24/167] 911/911 rows
[celeba] shard 24 done: 911 scored, 0 skipped, 5.7s
[celeba 25/167] 256/911 rows
[celeba 25/167] 512/911 rows
[celeba 25/167] 768/911 rows
[celeba 25/167] 911/911 rows
[celeba] shard 25 done: 911 scored, 0 skipped, 6.0s
[celeba 26/167] 256/911 rows
[celeba 26/167] 512/911 rows
[celeba 26/167] 768/911 rows
[celeba 26/167] 911/911 rows
[celeba] shard 26 done: 911 scored, 0 skipped, 6.3s
[celeba 27/167] 256/911 rows
[celeba 27/167] 512/911 rows
[celeba 27/167] 768/911 rows
[celeba 27/167] 911/911 rows
[celeba] shard 27 done: 911 scored, 0 skipped, 6.4s
[celeba 28/167] 256/911 rows
[celeba 28/167] 512/911 rows
[celeba 28/167] 768/911 rows
[celeba 28/167] 911/911 rows
[celeba] shard 28 done: 911 scored, 0 skipped, 7.1s
[celeba 29/167] 256/911 rows
[celeba 29/167] 512/911 rows
[celeba 29/167] 768/911 rows
[celeba 29/167] 911/911 rows
[celeba] shard 29 done: 911 scored, 0 skipped, 5.7s
[celeba 30/167] 256/911 rows
[celeba 30/167] 512/911 rows
[celeba 30/167] 768/911 rows
[celeba 30/167] 911/911 rows
[celeba] shard 30 done: 911 scored, 0 skipped, 6.0s
[celeba 31/167] 256/911 rows
[celeba 31/167] 512/911 rows
[celeba 31/167] 768/911 rows
[celeba 31/167] 911/911 rows
[celeba] shard 31 done: 911 scored, 0 skipped, 5.6s
[celeba 32/167] 256/911 rows
[celeba 32/167] 512/911 rows
[celeba 32/167] 768/911 rows
[celeba 32/167] 911/911 rows
[celeba] shard 32 done: 911 scored, 0 skipped, 6.8s
[celeba 33/167] 256/911 rows
[celeba 33/167] 512/911 rows
[celeba 33/167] 768/911 rows
[celeba 33/167] 911/911 rows
[celeba] shard 33 done: 911 scored, 0 skipped, 6.1s
[celeba 34/167] 256/911 rows
[celeba 34/167] 512/911 rows
[celeba 34/167] 768/911 rows
[celeba 34/167] 911/911 rows
[celeba] shard 34 done: 911 scored, 0 skipped, 6.3s
[celeba 35/167] 256/911 rows
[celeba 35/167] 512/911 rows
[celeba 35/167] 768/911 rows
[celeba 35/167] 911/911 rows
[celeba] shard 35 done: 911 scored, 0 skipped, 6.1s
[celeba 36/167] 256/911 rows
[celeba 36/167] 512/911 rows
[celeba 36/167] 768/911 rows
[celeba 36/167] 911/911 rows
[celeba] shard 36 done: 911 scored, 0 skipped, 6.1s
[celeba 37/167] 256/911 rows
[celeba 37/167] 512/911 rows
[celeba 37/167] 768/911 rows
[celeba 37/167] 911/911 rows
[celeba] shard 37 done: 911 scored, 0 skipped, 5.8s
[celeba 38/167] 256/911 rows
[celeba 38/167] 512/911 rows
[celeba 38/167] 768/911 rows
[celeba 38/167] 911/911 rows
[celeba] shard 38 done: 911 scored, 0 skipped, 7.0s
[celeba 39/167] 256/911 rows
[celeba 39/167] 512/911 rows
[celeba 39/167] 768/911 rows
[celeba 39/167] 911/911 rows
[celeba] shard 39 done: 911 scored, 0 skipped, 6.1s
[celeba 40/167] 256/911 rows
[celeba 40/167] 512/911 rows
[celeba 40/167] 768/911 rows
[celeba 40/167] 911/911 rows
[celeba] shard 40 done: 911 scored, 0 skipped, 7.3s
[celeba 41/167] 256/910 rows
[celeba 41/167] 512/910 rows
[celeba 41/167] 768/910 rows
[celeba 41/167] 910/910 rows
[celeba] shard 41 done: 910 scored, 0 skipped, 5.5s
[celeba 42/167] 256/910 rows
[celeba 42/167] 512/910 rows
[celeba 42/167] 768/910 rows
[celeba 42/167] 910/910 rows
[celeba] shard 42 done: 910 scored, 0 skipped, 6.6s
[celeba 43/167] 256/910 rows
[celeba 43/167] 512/910 rows
[celeba 43/167] 768/910 rows
[celeba 43/167] 910/910 rows
[celeba] shard 43 done: 910 scored, 0 skipped, 6.7s
[celeba 44/167] 256/910 rows
[celeba 44/167] 512/910 rows
[celeba 44/167] 768/910 rows
[celeba 44/167] 910/910 rows
[celeba] shard 44 done: 910 scored, 0 skipped, 6.0s
[celeba 45/167] 256/910 rows
[celeba 45/167] 512/910 rows
[celeba 45/167] 768/910 rows
[celeba 45/167] 910/910 rows
[celeba] shard 45 done: 910 scored, 0 skipped, 7.5s
[celeba 46/167] 256/910 rows
[celeba 46/167] 512/910 rows
[celeba 46/167] 768/910 rows
[celeba 46/167] 910/910 rows
[celeba] shard 46 done: 910 scored, 0 skipped, 5.9s
[celeba 47/167] 256/910 rows
[celeba 47/167] 512/910 rows
[celeba 47/167] 768/910 rows
[celeba 47/167] 910/910 rows
[celeba] shard 47 done: 910 scored, 0 skipped, 5.8s
[celeba 48/167] 256/910 rows
[celeba 48/167] 512/910 rows
[celeba 48/167] 768/910 rows
[celeba 48/167] 910/910 rows
[celeba] shard 48 done: 910 scored, 0 skipped, 6.7s
[celeba 49/167] 256/910 rows
[celeba 49/167] 512/910 rows
[celeba 49/167] 768/910 rows
[celeba 49/167] 910/910 rows
[celeba] shard 49 done: 910 scored, 0 skipped, 5.5s
[celeba 50/167] 256/910 rows
[celeba 50/167] 512/910 rows
[celeba 50/167] 768/910 rows
[celeba 50/167] 910/910 rows
[celeba] shard 50 done: 910 scored, 0 skipped, 7.2s
[celeba 51/167] 256/910 rows
[celeba 51/167] 512/910 rows
[celeba 51/167] 768/910 rows
[celeba 51/167] 910/910 rows
[celeba] shard 51 done: 910 scored, 0 skipped, 5.9s
[celeba 52/167] 256/910 rows
[celeba 52/167] 512/910 rows
[celeba 52/167] 768/910 rows
[celeba 52/167] 910/910 rows
[celeba] shard 52 done: 910 scored, 0 skipped, 6.4s
[celeba 53/167] 256/910 rows
[celeba 53/167] 512/910 rows
[celeba 53/167] 768/910 rows
[celeba 53/167] 910/910 rows
[celeba] shard 53 done: 910 scored, 0 skipped, 5.8s
[celeba 54/167] 256/910 rows
[celeba 54/167] 512/910 rows
[celeba 54/167] 768/910 rows
[celeba 54/167] 910/910 rows
[celeba] shard 54 done: 910 scored, 0 skipped, 6.7s
[celeba 55/167] 256/910 rows
[celeba 55/167] 512/910 rows
[celeba 55/167] 768/910 rows
[celeba 55/167] 910/910 rows
[celeba] shard 55 done: 910 scored, 0 skipped, 7.1s
[celeba 56/167] 256/910 rows
[celeba 56/167] 512/910 rows
[celeba 56/167] 768/910 rows
[celeba 56/167] 910/910 rows
[celeba] shard 56 done: 910 scored, 0 skipped, 5.7s
[celeba 57/167] 256/910 rows
[celeba 57/167] 512/910 rows
[celeba 57/167] 768/910 rows
[celeba 57/167] 910/910 rows
[celeba] shard 57 done: 910 scored, 0 skipped, 6.3s
[celeba 58/167] 256/910 rows
[celeba 58/167] 512/910 rows
[celeba 58/167] 768/910 rows
[celeba 58/167] 910/910 rows
[celeba] shard 58 done: 910 scored, 0 skipped, 5.7s
[celeba 59/167] 256/910 rows
[celeba 59/167] 512/910 rows
[celeba 59/167] 768/910 rows
[celeba 59/167] 910/910 rows
[celeba] shard 59 done: 910 scored, 0 skipped, 6.3s
[celeba 60/167] 256/910 rows
[celeba 60/167] 512/910 rows
[celeba 60/167] 768/910 rows
[celeba 60/167] 910/910 rows
[celeba] shard 60 done: 910 scored, 0 skipped, 6.1s
[celeba 61/167] 256/910 rows
[celeba 61/167] 512/910 rows
[celeba 61/167] 768/910 rows
[celeba 61/167] 910/910 rows
[celeba] shard 61 done: 910 scored, 0 skipped, 6.5s
[celeba 62/167] 256/910 rows
[celeba 62/167] 512/910 rows
[celeba 62/167] 768/910 rows
[celeba 62/167] 910/910 rows
[celeba] shard 62 done: 910 scored, 0 skipped, 5.9s
[celeba 63/167] 256/910 rows
[celeba 63/167] 512/910 rows
[celeba 63/167] 768/910 rows
[celeba 63/167] 910/910 rows
[celeba] shard 63 done: 910 scored, 0 skipped, 6.5s
[celeba 64/167] 256/910 rows
[celeba 64/167] 512/910 rows
[celeba 64/167] 768/910 rows
[celeba 64/167] 910/910 rows
[celeba] shard 64 done: 910 scored, 0 skipped, 6.8s
[celeba 65/167] 256/4516 rows
[celeba 65/167] 512/4516 rows
[celeba 65/167] 768/4516 rows
[celeba 65/167] 1024/4516 rows
[celeba 65/167] 1280/4516 rows
[celeba 65/167] 1536/4516 rows
[celeba 65/167] 1792/4516 rows
[celeba 65/167] 2048/4516 rows
[celeba 65/167] 2304/4516 rows
[celeba 65/167] 2560/4516 rows
[celeba 65/167] 2816/4516 rows
[celeba 65/167] 3072/4516 rows
[celeba 65/167] 3328/4516 rows
[celeba 65/167] 3584/4516 rows
[celeba 65/167] 3840/4516 rows
[celeba 65/167] 4096/4516 rows
[celeba 65/167] 4352/4516 rows
[celeba 65/167] 4516/4516 rows
[celeba] shard 65 done: 4516 scored, 0 skipped, 13.8s
[celeba 66/167] 256/4516 rows
[celeba 66/167] 512/4516 rows
[celeba 66/167] 768/4516 rows
[celeba 66/167] 1024/4516 rows
[celeba 66/167] 1280/4516 rows
[celeba 66/167] 1536/4516 rows
[celeba 66/167] 1792/4516 rows
[celeba 66/167] 2048/4516 rows
[celeba 66/167] 2304/4516 rows
[celeba 66/167] 2560/4516 rows
[celeba 66/167] 2816/4516 rows
[celeba 66/167] 3072/4516 rows
[celeba 66/167] 3328/4516 rows
[celeba 66/167] 3584/4516 rows
[celeba 66/167] 3840/4516 rows
[celeba 66/167] 4096/4516 rows
[celeba 66/167] 4352/4516 rows
[celeba 66/167] 4516/4516 rows
[celeba] shard 66 done: 4516 scored, 0 skipped, 13.7s
[celeba 67/167] 256/4516 rows
[celeba 67/167] 512/4516 rows
[celeba 67/167] 768/4516 rows
[celeba 67/167] 1024/4516 rows
[celeba 67/167] 1280/4516 rows
[celeba 67/167] 1536/4516 rows
[celeba 67/167] 1792/4516 rows
[celeba 67/167] 2048/4516 rows
[celeba 67/167] 2304/4516 rows
[celeba 67/167] 2560/4516 rows
[celeba 67/167] 2816/4516 rows
[celeba 67/167] 3072/4516 rows
[celeba 67/167] 3328/4516 rows
[celeba 67/167] 3584/4516 rows
[celeba 67/167] 3840/4516 rows
[celeba 67/167] 4096/4516 rows
[celeba 67/167] 4352/4516 rows
[celeba 67/167] 4516/4516 rows
[celeba] shard 67 done: 4516 scored, 0 skipped, 13.4s
[celeba 68/167] 256/4516 rows
[celeba 68/167] 512/4516 rows
[celeba 68/167] 768/4516 rows
[celeba 68/167] 1024/4516 rows
[celeba 68/167] 1280/4516 rows
[celeba 68/167] 1536/4516 rows
[celeba 68/167] 1792/4516 rows
[celeba 68/167] 2048/4516 rows
[celeba 68/167] 2304/4516 rows
[celeba 68/167] 2560/4516 rows
[celeba 68/167] 2816/4516 rows
[celeba 68/167] 3072/4516 rows
[celeba 68/167] 3328/4516 rows
[celeba 68/167] 3584/4516 rows
[celeba 68/167] 3840/4516 rows
[celeba 68/167] 4096/4516 rows
[celeba 68/167] 4352/4516 rows
[celeba 68/167] 4516/4516 rows
[celeba] shard 68 done: 4516 scored, 0 skipped, 14.2s
[celeba 69/167] 256/4516 rows
[celeba 69/167] 512/4516 rows
[celeba 69/167] 768/4516 rows
[celeba 69/167] 1024/4516 rows
[celeba 69/167] 1280/4516 rows
[celeba 69/167] 1536/4516 rows
[celeba 69/167] 1792/4516 rows
[celeba 69/167] 2048/4516 rows
[celeba 69/167] 2304/4516 rows
[celeba 69/167] 2560/4516 rows
[celeba 69/167] 2816/4516 rows
[celeba 69/167] 3072/4516 rows
[celeba 69/167] 3328/4516 rows
[celeba 69/167] 3584/4516 rows
[celeba 69/167] 3840/4516 rows
[celeba 69/167] 4096/4516 rows
[celeba 69/167] 4352/4516 rows
[celeba 69/167] 4516/4516 rows
[celeba] shard 69 done: 4516 scored, 0 skipped, 13.3s
[celeba 70/167] 256/4516 rows
[celeba 70/167] 512/4516 rows
[celeba 70/167] 768/4516 rows
[celeba 70/167] 1024/4516 rows
[celeba 70/167] 1280/4516 rows
[celeba 70/167] 1536/4516 rows
[celeba 70/167] 1792/4516 rows
[celeba 70/167] 2048/4516 rows
[celeba 70/167] 2304/4516 rows
[celeba 70/167] 2560/4516 rows
[celeba 70/167] 2816/4516 rows
[celeba 70/167] 3072/4516 rows
[celeba 70/167] 3328/4516 rows
[celeba 70/167] 3584/4516 rows
[celeba 70/167] 3840/4516 rows
[celeba 70/167] 4096/4516 rows
[celeba 70/167] 4352/4516 rows
[celeba 70/167] 4516/4516 rows
[celeba] shard 70 done: 4516 scored, 0 skipped, 13.6s
[celeba 71/167] 256/4516 rows
[celeba 71/167] 512/4516 rows
[celeba 71/167] 768/4516 rows
[celeba 71/167] 1024/4516 rows
[celeba 71/167] 1280/4516 rows
[celeba 71/167] 1536/4516 rows
[celeba 71/167] 1792/4516 rows
[celeba 71/167] 2048/4516 rows
[celeba 71/167] 2304/4516 rows
[celeba 71/167] 2560/4516 rows
[celeba 71/167] 2816/4516 rows
[celeba 71/167] 3072/4516 rows
[celeba 71/167] 3328/4516 rows
[celeba 71/167] 3584/4516 rows
[celeba 71/167] 3840/4516 rows
[celeba 71/167] 4096/4516 rows
[celeba 71/167] 4352/4516 rows
[celeba 71/167] 4516/4516 rows
[celeba] shard 71 done: 4516 scored, 0 skipped, 14.1s
[celeba 72/167] 256/4516 rows
[celeba 72/167] 512/4516 rows
[celeba 72/167] 768/4516 rows
[celeba 72/167] 1024/4516 rows
[celeba 72/167] 1280/4516 rows
[celeba 72/167] 1536/4516 rows
[celeba 72/167] 1792/4516 rows
[celeba 72/167] 2048/4516 rows
[celeba 72/167] 2304/4516 rows
[celeba 72/167] 2560/4516 rows
[celeba 72/167] 2816/4516 rows
[celeba 72/167] 3072/4516 rows
[celeba 72/167] 3328/4516 rows
[celeba 72/167] 3584/4516 rows
[celeba 72/167] 3840/4516 rows
[celeba 72/167] 4096/4516 rows
[celeba 72/167] 4352/4516 rows
[celeba 72/167] 4516/4516 rows
[celeba] shard 72 done: 4516 scored, 0 skipped, 13.7s
[celeba 73/167] 256/4516 rows
[celeba 73/167] 512/4516 rows
[celeba 73/167] 768/4516 rows
[celeba 73/167] 1024/4516 rows
[celeba 73/167] 1280/4516 rows
[celeba 73/167] 1536/4516 rows
[celeba 73/167] 1792/4516 rows
[celeba 73/167] 2048/4516 rows
[celeba 73/167] 2304/4516 rows
[celeba 73/167] 2560/4516 rows
[celeba 73/167] 2816/4516 rows
[celeba 73/167] 3072/4516 rows
[celeba 73/167] 3328/4516 rows
[celeba 73/167] 3584/4516 rows
[celeba 73/167] 3840/4516 rows
[celeba 73/167] 4096/4516 rows
[celeba 73/167] 4352/4516 rows
[celeba 73/167] 4516/4516 rows
[celeba] shard 73 done: 4516 scored, 0 skipped, 13.7s
[celeba 74/167] 256/4516 rows
[celeba 74/167] 512/4516 rows
[celeba 74/167] 768/4516 rows
[celeba 74/167] 1024/4516 rows
[celeba 74/167] 1280/4516 rows
[celeba 74/167] 1536/4516 rows
[celeba 74/167] 1792/4516 rows
[celeba 74/167] 2048/4516 rows
[celeba 74/167] 2304/4516 rows
[celeba 74/167] 2560/4516 rows
[celeba 74/167] 2816/4516 rows
[celeba 74/167] 3072/4516 rows
[celeba 74/167] 3328/4516 rows
[celeba 74/167] 3584/4516 rows
[celeba 74/167] 3840/4516 rows
[celeba 74/167] 4096/4516 rows
[celeba 74/167] 4352/4516 rows
[celeba 74/167] 4516/4516 rows
[celeba] shard 74 done: 4516 scored, 0 skipped, 13.5s
[celeba 75/167] 256/4516 rows
[celeba 75/167] 512/4516 rows
[celeba 75/167] 768/4516 rows
[celeba 75/167] 1024/4516 rows
[celeba 75/167] 1280/4516 rows
[celeba 75/167] 1536/4516 rows
[celeba 75/167] 1792/4516 rows
[celeba 75/167] 2048/4516 rows
[celeba 75/167] 2304/4516 rows
[celeba 75/167] 2560/4516 rows
[celeba 75/167] 2816/4516 rows
[celeba 75/167] 3072/4516 rows
[celeba 75/167] 3328/4516 rows
[celeba 75/167] 3584/4516 rows
[celeba 75/167] 3840/4516 rows
[celeba 75/167] 4096/4516 rows
[celeba 75/167] 4352/4516 rows
[celeba 75/167] 4516/4516 rows
[celeba] shard 75 done: 4516 scored, 0 skipped, 14.3s
[celeba 76/167] 256/4516 rows
[celeba 76/167] 512/4516 rows
[celeba 76/167] 768/4516 rows
[celeba 76/167] 1024/4516 rows
[celeba 76/167] 1280/4516 rows
[celeba 76/167] 1536/4516 rows
[celeba 76/167] 1792/4516 rows
[celeba 76/167] 2048/4516 rows
[celeba 76/167] 2304/4516 rows
[celeba 76/167] 2560/4516 rows
[celeba 76/167] 2816/4516 rows
[celeba 76/167] 3072/4516 rows
[celeba 76/167] 3328/4516 rows
[celeba 76/167] 3584/4516 rows
[celeba 76/167] 3840/4516 rows
[celeba 76/167] 4096/4516 rows
[celeba 76/167] 4352/4516 rows
[celeba 76/167] 4516/4516 rows
[celeba] shard 76 done: 4516 scored, 0 skipped, 13.8s
[celeba 77/167] 256/4516 rows
[celeba 77/167] 512/4516 rows
[celeba 77/167] 768/4516 rows
[celeba 77/167] 1024/4516 rows
[celeba 77/167] 1280/4516 rows
[celeba 77/167] 1536/4516 rows
[celeba 77/167] 1792/4516 rows
[celeba 77/167] 2048/4516 rows
[celeba 77/167] 2304/4516 rows
[celeba 77/167] 2560/4516 rows
[celeba 77/167] 2816/4516 rows
[celeba 77/167] 3072/4516 rows
[celeba 77/167] 3328/4516 rows
[celeba 77/167] 3584/4516 rows
[celeba 77/167] 3840/4516 rows
[celeba 77/167] 4096/4516 rows
[celeba 77/167] 4352/4516 rows
[celeba 77/167] 4516/4516 rows
[celeba] shard 77 done: 4516 scored, 0 skipped, 13.2s
[celeba 78/167] 256/4516 rows
[celeba 78/167] 512/4516 rows
[celeba 78/167] 768/4516 rows
[celeba 78/167] 1024/4516 rows
[celeba 78/167] 1280/4516 rows
[celeba 78/167] 1536/4516 rows
[celeba 78/167] 1792/4516 rows
[celeba 78/167] 2048/4516 rows
[celeba 78/167] 2304/4516 rows
[celeba 78/167] 2560/4516 rows
[celeba 78/167] 2816/4516 rows
[celeba 78/167] 3072/4516 rows
[celeba 78/167] 3328/4516 rows
[celeba 78/167] 3584/4516 rows
[celeba 78/167] 3840/4516 rows
[celeba 78/167] 4096/4516 rows
[celeba 78/167] 4352/4516 rows
[celeba 78/167] 4516/4516 rows
[celeba] shard 78 done: 4516 scored, 0 skipped, 13.7s
[celeba 79/167] 256/4516 rows
[celeba 79/167] 512/4516 rows
[celeba 79/167] 768/4516 rows
[celeba 79/167] 1024/4516 rows
[celeba 79/167] 1280/4516 rows
[celeba 79/167] 1536/4516 rows
[celeba 79/167] 1792/4516 rows
[celeba 79/167] 2048/4516 rows
[celeba 79/167] 2304/4516 rows
[celeba 79/167] 2560/4516 rows
[celeba 79/167] 2816/4516 rows
[celeba 79/167] 3072/4516 rows
[celeba 79/167] 3328/4516 rows
[celeba 79/167] 3584/4516 rows
[celeba 79/167] 3840/4516 rows
[celeba 79/167] 4096/4516 rows
[celeba 79/167] 4352/4516 rows
[celeba 79/167] 4516/4516 rows
[celeba] shard 79 done: 4516 scored, 0 skipped, 13.3s
[celeba 80/167] 256/4516 rows
[celeba 80/167] 512/4516 rows
[celeba 80/167] 768/4516 rows
[celeba 80/167] 1024/4516 rows
[celeba 80/167] 1280/4516 rows
[celeba 80/167] 1536/4516 rows
[celeba 80/167] 1792/4516 rows
[celeba 80/167] 2048/4516 rows
[celeba 80/167] 2304/4516 rows
[celeba 80/167] 2560/4516 rows
[celeba 80/167] 2816/4516 rows
[celeba 80/167] 3072/4516 rows
[celeba 80/167] 3328/4516 rows
[celeba 80/167] 3584/4516 rows
[celeba 80/167] 3840/4516 rows
[celeba 80/167] 4096/4516 rows
[celeba 80/167] 4352/4516 rows
[celeba 80/167] 4516/4516 rows
[celeba] shard 80 done: 4516 scored, 0 skipped, 13.7s
[celeba 81/167] 256/4516 rows
[celeba 81/167] 512/4516 rows
[celeba 81/167] 768/4516 rows
[celeba 81/167] 1024/4516 rows
[celeba 81/167] 1280/4516 rows
[celeba 81/167] 1536/4516 rows
[celeba 81/167] 1792/4516 rows
[celeba 81/167] 2048/4516 rows
[celeba 81/167] 2304/4516 rows
[celeba 81/167] 2560/4516 rows
[celeba 81/167] 2816/4516 rows
[celeba 81/167] 3072/4516 rows
[celeba 81/167] 3328/4516 rows
[celeba 81/167] 3584/4516 rows
[celeba 81/167] 3840/4516 rows
[celeba 81/167] 4096/4516 rows
[celeba 81/167] 4352/4516 rows
[celeba 81/167] 4516/4516 rows
[celeba] shard 81 done: 4516 scored, 0 skipped, 13.6s
[celeba 82/167] 256/4516 rows
[celeba 82/167] 512/4516 rows
[celeba 82/167] 768/4516 rows
[celeba 82/167] 1024/4516 rows
[celeba 82/167] 1280/4516 rows
[celeba 82/167] 1536/4516 rows
[celeba 82/167] 1792/4516 rows
[celeba 82/167] 2048/4516 rows
[celeba 82/167] 2304/4516 rows
[celeba 82/167] 2560/4516 rows
[celeba 82/167] 2816/4516 rows
[celeba 82/167] 3072/4516 rows
[celeba 82/167] 3328/4516 rows
[celeba 82/167] 3584/4516 rows
[celeba 82/167] 3840/4516 rows
[celeba 82/167] 4096/4516 rows
[celeba 82/167] 4352/4516 rows
[celeba 82/167] 4516/4516 rows
[celeba] shard 82 done: 4516 scored, 0 skipped, 13.3s
[celeba 83/167] 256/4516 rows
[celeba 83/167] 512/4516 rows
[celeba 83/167] 768/4516 rows
[celeba 83/167] 1024/4516 rows
[celeba 83/167] 1280/4516 rows
[celeba 83/167] 1536/4516 rows
[celeba 83/167] 1792/4516 rows
[celeba 83/167] 2048/4516 rows
[celeba 83/167] 2304/4516 rows
[celeba 83/167] 2560/4516 rows
[celeba 83/167] 2816/4516 rows
[celeba 83/167] 3072/4516 rows
[celeba 83/167] 3328/4516 rows
[celeba 83/167] 3584/4516 rows
[celeba 83/167] 3840/4516 rows
[celeba 83/167] 4096/4516 rows
[celeba 83/167] 4352/4516 rows
[celeba 83/167] 4516/4516 rows
[celeba] shard 83 done: 4516 scored, 0 skipped, 13.6s
[celeba 84/167] 256/4516 rows
[celeba 84/167] 512/4516 rows
[celeba 84/167] 768/4516 rows
[celeba 84/167] 1024/4516 rows
[celeba 84/167] 1280/4516 rows
[celeba 84/167] 1536/4516 rows
[celeba 84/167] 1792/4516 rows
[celeba 84/167] 2048/4516 rows
[celeba 84/167] 2304/4516 rows
[celeba 84/167] 2560/4516 rows
[celeba 84/167] 2816/4516 rows
[celeba 84/167] 3072/4516 rows
[celeba 84/167] 3328/4516 rows
[celeba 84/167] 3584/4516 rows
[celeba 84/167] 3840/4516 rows
[celeba 84/167] 4096/4516 rows
[celeba 84/167] 4352/4516 rows
[celeba 84/167] 4516/4516 rows
[celeba] shard 84 done: 4516 scored, 0 skipped, 13.8s
[celeba 85/167] 256/4516 rows
[celeba 85/167] 512/4516 rows
[celeba 85/167] 768/4516 rows
[celeba 85/167] 1024/4516 rows
[celeba 85/167] 1280/4516 rows
[celeba 85/167] 1536/4516 rows
[celeba 85/167] 1792/4516 rows
[celeba 85/167] 2048/4516 rows
[celeba 85/167] 2304/4516 rows
[celeba 85/167] 2560/4516 rows
[celeba 85/167] 2816/4516 rows
[celeba 85/167] 3072/4516 rows
[celeba 85/167] 3328/4516 rows
[celeba 85/167] 3584/4516 rows
[celeba 85/167] 3840/4516 rows
[celeba 85/167] 4096/4516 rows
[celeba 85/167] 4352/4516 rows
[celeba 85/167] 4516/4516 rows
[celeba] shard 85 done: 4516 scored, 0 skipped, 13.6s
[celeba 86/167] 256/4516 rows
[celeba 86/167] 512/4516 rows
[celeba 86/167] 768/4516 rows
[celeba 86/167] 1024/4516 rows
[celeba 86/167] 1280/4516 rows
[celeba 86/167] 1536/4516 rows
[celeba 86/167] 1792/4516 rows
[celeba 86/167] 2048/4516 rows
[celeba 86/167] 2304/4516 rows
[celeba 86/167] 2560/4516 rows
[celeba 86/167] 2816/4516 rows
[celeba 86/167] 3072/4516 rows
[celeba 86/167] 3328/4516 rows
[celeba 86/167] 3584/4516 rows
[celeba 86/167] 3840/4516 rows
[celeba 86/167] 4096/4516 rows
[celeba 86/167] 4352/4516 rows
[celeba 86/167] 4516/4516 rows
[celeba] shard 86 done: 4516 scored, 0 skipped, 13.0s
[celeba 87/167] 256/4516 rows
[celeba 87/167] 512/4516 rows
[celeba 87/167] 768/4516 rows
[celeba 87/167] 1024/4516 rows
[celeba 87/167] 1280/4516 rows
[celeba 87/167] 1536/4516 rows
[celeba 87/167] 1792/4516 rows
[celeba 87/167] 2048/4516 rows
[celeba 87/167] 2304/4516 rows
[celeba 87/167] 2560/4516 rows
[celeba 87/167] 2816/4516 rows
[celeba 87/167] 3072/4516 rows
[celeba 87/167] 3328/4516 rows
[celeba 87/167] 3584/4516 rows
[celeba 87/167] 3840/4516 rows
[celeba 87/167] 4096/4516 rows
[celeba 87/167] 4352/4516 rows
[celeba 87/167] 4516/4516 rows
[celeba] shard 87 done: 4516 scored, 0 skipped, 13.6s
[celeba 88/167] 256/4516 rows
[celeba 88/167] 512/4516 rows
[celeba 88/167] 768/4516 rows
[celeba 88/167] 1024/4516 rows
[celeba 88/167] 1280/4516 rows
[celeba 88/167] 1536/4516 rows
[celeba 88/167] 1792/4516 rows
[celeba 88/167] 2048/4516 rows
[celeba 88/167] 2304/4516 rows
[celeba 88/167] 2560/4516 rows
[celeba 88/167] 2816/4516 rows
[celeba 88/167] 3072/4516 rows
[celeba 88/167] 3328/4516 rows
[celeba 88/167] 3584/4516 rows
[celeba 88/167] 3840/4516 rows
[celeba 88/167] 4096/4516 rows
[celeba 88/167] 4352/4516 rows
[celeba 88/167] 4516/4516 rows
[celeba] shard 88 done: 4516 scored, 0 skipped, 13.4s
[celeba 89/167] 256/4516 rows
[celeba 89/167] 512/4516 rows
[celeba 89/167] 768/4516 rows
[celeba 89/167] 1024/4516 rows
[celeba 89/167] 1280/4516 rows
[celeba 89/167] 1536/4516 rows
[celeba 89/167] 1792/4516 rows
[celeba 89/167] 2048/4516 rows
[celeba 89/167] 2304/4516 rows
[celeba 89/167] 2560/4516 rows
[celeba 89/167] 2816/4516 rows
[celeba 89/167] 3072/4516 rows
[celeba 89/167] 3328/4516 rows
[celeba 89/167] 3584/4516 rows
[celeba 89/167] 3840/4516 rows
[celeba 89/167] 4096/4516 rows
[celeba 89/167] 4352/4516 rows
[celeba 89/167] 4516/4516 rows
[celeba] shard 89 done: 4516 scored, 0 skipped, 13.5s
[celeba 90/167] 256/4516 rows
[celeba 90/167] 512/4516 rows
[celeba 90/167] 768/4516 rows
[celeba 90/167] 1024/4516 rows
[celeba 90/167] 1280/4516 rows
[celeba 90/167] 1536/4516 rows
[celeba 90/167] 1792/4516 rows
[celeba 90/167] 2048/4516 rows
[celeba 90/167] 2304/4516 rows
[celeba 90/167] 2560/4516 rows
[celeba 90/167] 2816/4516 rows
[celeba 90/167] 3072/4516 rows
[celeba 90/167] 3328/4516 rows
[celeba 90/167] 3584/4516 rows
[celeba 90/167] 3840/4516 rows
[celeba 90/167] 4096/4516 rows
[celeba 90/167] 4352/4516 rows
[celeba 90/167] 4516/4516 rows
[celeba] shard 90 done: 4516 scored, 0 skipped, 13.2s
[celeba 91/167] 256/4516 rows
[celeba 91/167] 512/4516 rows
[celeba 91/167] 768/4516 rows
[celeba 91/167] 1024/4516 rows
[celeba 91/167] 1280/4516 rows
[celeba 91/167] 1536/4516 rows
[celeba 91/167] 1792/4516 rows
[celeba 91/167] 2048/4516 rows
[celeba 91/167] 2304/4516 rows
[celeba 91/167] 2560/4516 rows
[celeba 91/167] 2816/4516 rows
[celeba 91/167] 3072/4516 rows
[celeba 91/167] 3328/4516 rows
[celeba 91/167] 3584/4516 rows
[celeba 91/167] 3840/4516 rows
[celeba 91/167] 4096/4516 rows
[celeba 91/167] 4352/4516 rows
[celeba 91/167] 4516/4516 rows
[celeba] shard 91 done: 4516 scored, 0 skipped, 12.9s
[celeba 92/167] 256/4516 rows
[celeba 92/167] 512/4516 rows
[celeba 92/167] 768/4516 rows
[celeba 92/167] 1024/4516 rows
[celeba 92/167] 1280/4516 rows
[celeba 92/167] 1536/4516 rows
[celeba 92/167] 1792/4516 rows
[celeba 92/167] 2048/4516 rows
[celeba 92/167] 2304/4516 rows
[celeba 92/167] 2560/4516 rows
[celeba 92/167] 2816/4516 rows
[celeba 92/167] 3072/4516 rows
[celeba 92/167] 3328/4516 rows
[celeba 92/167] 3584/4516 rows
[celeba 92/167] 3840/4516 rows
[celeba 92/167] 4096/4516 rows
[celeba 92/167] 4352/4516 rows
[celeba 92/167] 4516/4516 rows
[celeba] shard 92 done: 4516 scored, 0 skipped, 13.7s
[celeba 93/167] 256/4516 rows
[celeba 93/167] 512/4516 rows
[celeba 93/167] 768/4516 rows
[celeba 93/167] 1024/4516 rows
[celeba 93/167] 1280/4516 rows
[celeba 93/167] 1536/4516 rows
[celeba 93/167] 1792/4516 rows
[celeba 93/167] 2048/4516 rows
[celeba 93/167] 2304/4516 rows
[celeba 93/167] 2560/4516 rows
[celeba 93/167] 2816/4516 rows
[celeba 93/167] 3072/4516 rows
[celeba 93/167] 3328/4516 rows
[celeba 93/167] 3584/4516 rows
[celeba 93/167] 3840/4516 rows
[celeba 93/167] 4096/4516 rows
[celeba 93/167] 4352/4516 rows
[celeba 93/167] 4516/4516 rows
[celeba] shard 93 done: 4516 scored, 0 skipped, 14.2s
[celeba 94/167] 256/4516 rows
[celeba 94/167] 512/4516 rows
[celeba 94/167] 768/4516 rows
[celeba 94/167] 1024/4516 rows
[celeba 94/167] 1280/4516 rows
[celeba 94/167] 1536/4516 rows
[celeba 94/167] 1792/4516 rows
[celeba 94/167] 2048/4516 rows
[celeba 94/167] 2304/4516 rows
[celeba 94/167] 2560/4516 rows
[celeba 94/167] 2816/4516 rows
[celeba 94/167] 3072/4516 rows
[celeba 94/167] 3328/4516 rows
[celeba 94/167] 3584/4516 rows
[celeba 94/167] 3840/4516 rows
[celeba 94/167] 4096/4516 rows
[celeba 94/167] 4352/4516 rows
[celeba 94/167] 4516/4516 rows
[celeba] shard 94 done: 4516 scored, 0 skipped, 13.7s
[celeba 95/167] 256/4516 rows
[celeba 95/167] 512/4516 rows
[celeba 95/167] 768/4516 rows
[celeba 95/167] 1024/4516 rows
[celeba 95/167] 1280/4516 rows
[celeba 95/167] 1536/4516 rows
[celeba 95/167] 1792/4516 rows
[celeba 95/167] 2048/4516 rows
[celeba 95/167] 2304/4516 rows
[celeba 95/167] 2560/4516 rows
[celeba 95/167] 2816/4516 rows
[celeba 95/167] 3072/4516 rows
[celeba 95/167] 3328/4516 rows
[celeba 95/167] 3584/4516 rows
[celeba 95/167] 3840/4516 rows
[celeba 95/167] 4096/4516 rows
[celeba 95/167] 4352/4516 rows
[celeba 95/167] 4516/4516 rows
[celeba] shard 95 done: 4516 scored, 0 skipped, 13.6s
[celeba 96/167] 256/4516 rows
[celeba 96/167] 512/4516 rows
[celeba 96/167] 768/4516 rows
[celeba 96/167] 1024/4516 rows
[celeba 96/167] 1280/4516 rows
[celeba 96/167] 1536/4516 rows
[celeba 96/167] 1792/4516 rows
[celeba 96/167] 2048/4516 rows
[celeba 96/167] 2304/4516 rows
[celeba 96/167] 2560/4516 rows
[celeba 96/167] 2816/4516 rows
[celeba 96/167] 3072/4516 rows
[celeba 96/167] 3328/4516 rows
[celeba 96/167] 3584/4516 rows
[celeba 96/167] 3840/4516 rows
[celeba 96/167] 4096/4516 rows
[celeba 96/167] 4352/4516 rows
[celeba 96/167] 4516/4516 rows
[celeba] shard 96 done: 4516 scored, 0 skipped, 13.0s
[celeba 97/167] 256/4516 rows
[celeba 97/167] 512/4516 rows
[celeba 97/167] 768/4516 rows
[celeba 97/167] 1024/4516 rows
[celeba 97/167] 1280/4516 rows
[celeba 97/167] 1536/4516 rows
[celeba 97/167] 1792/4516 rows
[celeba 97/167] 2048/4516 rows
[celeba 97/167] 2304/4516 rows
[celeba 97/167] 2560/4516 rows
[celeba 97/167] 2816/4516 rows
[celeba 97/167] 3072/4516 rows
[celeba 97/167] 3328/4516 rows
[celeba 97/167] 3584/4516 rows
[celeba 97/167] 3840/4516 rows
[celeba 97/167] 4096/4516 rows
[celeba 97/167] 4352/4516 rows
[celeba 97/167] 4516/4516 rows
[celeba] shard 97 done: 4516 scored, 0 skipped, 13.9s
[celeba 98/167] 256/4516 rows
[celeba 98/167] 512/4516 rows
[celeba 98/167] 768/4516 rows
[celeba 98/167] 1024/4516 rows
[celeba 98/167] 1280/4516 rows
[celeba 98/167] 1536/4516 rows
[celeba 98/167] 1792/4516 rows
[celeba 98/167] 2048/4516 rows
[celeba 98/167] 2304/4516 rows
[celeba 98/167] 2560/4516 rows
[celeba 98/167] 2816/4516 rows
[celeba 98/167] 3072/4516 rows
[celeba 98/167] 3328/4516 rows
[celeba 98/167] 3584/4516 rows
[celeba 98/167] 3840/4516 rows
[celeba 98/167] 4096/4516 rows
[celeba 98/167] 4352/4516 rows
[celeba 98/167] 4516/4516 rows
[celeba] shard 98 done: 4516 scored, 0 skipped, 13.6s
[celeba 99/167] 256/4516 rows
[celeba 99/167] 512/4516 rows
[celeba 99/167] 768/4516 rows
[celeba 99/167] 1024/4516 rows
[celeba 99/167] 1280/4516 rows
[celeba 99/167] 1536/4516 rows
[celeba 99/167] 1792/4516 rows
[celeba 99/167] 2048/4516 rows
[celeba 99/167] 2304/4516 rows
[celeba 99/167] 2560/4516 rows
[celeba 99/167] 2816/4516 rows
[celeba 99/167] 3072/4516 rows
[celeba 99/167] 3328/4516 rows
[celeba 99/167] 3584/4516 rows
[celeba 99/167] 3840/4516 rows
[celeba 99/167] 4096/4516 rows
[celeba 99/167] 4352/4516 rows
[celeba 99/167] 4516/4516 rows
[celeba] shard 99 done: 4516 scored, 0 skipped, 13.2s
[celeba 100/167] 256/4516 rows
[celeba 100/167] 512/4516 rows
[celeba 100/167] 768/4516 rows
[celeba 100/167] 1024/4516 rows
[celeba 100/167] 1280/4516 rows
[celeba 100/167] 1536/4516 rows
[celeba 100/167] 1792/4516 rows
[celeba 100/167] 2048/4516 rows
[celeba 100/167] 2304/4516 rows
[celeba 100/167] 2560/4516 rows
[celeba 100/167] 2816/4516 rows
[celeba 100/167] 3072/4516 rows
[celeba 100/167] 3328/4516 rows
[celeba 100/167] 3584/4516 rows
[celeba 100/167] 3840/4516 rows
[celeba 100/167] 4096/4516 rows
[celeba 100/167] 4352/4516 rows
[celeba 100/167] 4516/4516 rows
[celeba] shard 100 done: 4516 scored, 0 skipped, 13.5s
[celeba 101/167] 256/4516 rows
[celeba 101/167] 512/4516 rows
[celeba 101/167] 768/4516 rows
[celeba 101/167] 1024/4516 rows
[celeba 101/167] 1280/4516 rows
[celeba 101/167] 1536/4516 rows
[celeba 101/167] 1792/4516 rows
[celeba 101/167] 2048/4516 rows
[celeba 101/167] 2304/4516 rows
[celeba 101/167] 2560/4516 rows
[celeba 101/167] 2816/4516 rows
[celeba 101/167] 3072/4516 rows
[celeba 101/167] 3328/4516 rows
[celeba 101/167] 3584/4516 rows
[celeba 101/167] 3840/4516 rows
[celeba 101/167] 4096/4516 rows
[celeba 101/167] 4352/4516 rows
[celeba 101/167] 4516/4516 rows
[celeba] shard 101 done: 4516 scored, 0 skipped, 14.1s
[celeba 102/167] 256/4516 rows
[celeba 102/167] 512/4516 rows
[celeba 102/167] 768/4516 rows
[celeba 102/167] 1024/4516 rows
[celeba 102/167] 1280/4516 rows
[celeba 102/167] 1536/4516 rows
[celeba 102/167] 1792/4516 rows
[celeba 102/167] 2048/4516 rows
[celeba 102/167] 2304/4516 rows
[celeba 102/167] 2560/4516 rows
[celeba 102/167] 2816/4516 rows
[celeba 102/167] 3072/4516 rows
[celeba 102/167] 3328/4516 rows
[celeba 102/167] 3584/4516 rows
[celeba 102/167] 3840/4516 rows
[celeba 102/167] 4096/4516 rows
[celeba 102/167] 4352/4516 rows
[celeba 102/167] 4516/4516 rows
[celeba] shard 102 done: 4516 scored, 0 skipped, 13.3s
[celeba 103/167] 256/4516 rows
[celeba 103/167] 512/4516 rows
[celeba 103/167] 768/4516 rows
[celeba 103/167] 1024/4516 rows
[celeba 103/167] 1280/4516 rows
[celeba 103/167] 1536/4516 rows
[celeba 103/167] 1792/4516 rows
[celeba 103/167] 2048/4516 rows
[celeba 103/167] 2304/4516 rows
[celeba 103/167] 2560/4516 rows
[celeba 103/167] 2816/4516 rows
[celeba 103/167] 3072/4516 rows
[celeba 103/167] 3328/4516 rows
[celeba 103/167] 3584/4516 rows
[celeba 103/167] 3840/4516 rows
[celeba 103/167] 4096/4516 rows
[celeba 103/167] 4352/4516 rows
[celeba 103/167] 4516/4516 rows
[celeba] shard 103 done: 4516 scored, 0 skipped, 14.0s
[celeba 104/167] 256/4516 rows
[celeba 104/167] 512/4516 rows
[celeba 104/167] 768/4516 rows
[celeba 104/167] 1024/4516 rows
[celeba 104/167] 1280/4516 rows
[celeba 104/167] 1536/4516 rows
[celeba 104/167] 1792/4516 rows
[celeba 104/167] 2048/4516 rows
[celeba 104/167] 2304/4516 rows
[celeba 104/167] 2560/4516 rows
[celeba 104/167] 2816/4516 rows
[celeba 104/167] 3072/4516 rows
[celeba 104/167] 3328/4516 rows
[celeba 104/167] 3584/4516 rows
[celeba 104/167] 3840/4516 rows
[celeba 104/167] 4096/4516 rows
[celeba 104/167] 4352/4516 rows
[celeba 104/167] 4516/4516 rows
[celeba] shard 104 done: 4516 scored, 0 skipped, 13.2s
[celeba 105/167] 256/4515 rows
[celeba 105/167] 512/4515 rows
[celeba 105/167] 768/4515 rows
[celeba 105/167] 1024/4515 rows
[celeba 105/167] 1280/4515 rows
[celeba 105/167] 1536/4515 rows
[celeba 105/167] 1792/4515 rows
[celeba 105/167] 2048/4515 rows
[celeba 105/167] 2304/4515 rows
[celeba 105/167] 2560/4515 rows
[celeba 105/167] 2816/4515 rows
[celeba 105/167] 3072/4515 rows
[celeba 105/167] 3328/4515 rows
[celeba 105/167] 3584/4515 rows
[celeba 105/167] 3840/4515 rows
[celeba 105/167] 4096/4515 rows
[celeba 105/167] 4352/4515 rows
[celeba 105/167] 4515/4515 rows
[celeba] shard 105 done: 4515 scored, 0 skipped, 13.4s
[celeba 106/167] 256/4515 rows
[celeba 106/167] 512/4515 rows
[celeba 106/167] 768/4515 rows
[celeba 106/167] 1024/4515 rows
[celeba 106/167] 1280/4515 rows
[celeba 106/167] 1536/4515 rows
[celeba 106/167] 1792/4515 rows
[celeba 106/167] 2048/4515 rows
[celeba 106/167] 2304/4515 rows
[celeba 106/167] 2560/4515 rows
[celeba 106/167] 2816/4515 rows
[celeba 106/167] 3072/4515 rows
[celeba 106/167] 3328/4515 rows
[celeba 106/167] 3584/4515 rows
[celeba 106/167] 3840/4515 rows
[celeba 106/167] 4096/4515 rows
[celeba 106/167] 4352/4515 rows
[celeba 106/167] 4515/4515 rows
[celeba] shard 106 done: 4515 scored, 0 skipped, 13.9s
[celeba 107/167] 256/4515 rows
[celeba 107/167] 512/4515 rows
[celeba 107/167] 768/4515 rows
[celeba 107/167] 1024/4515 rows
[celeba 107/167] 1280/4515 rows
[celeba 107/167] 1536/4515 rows
[celeba 107/167] 1792/4515 rows
[celeba 107/167] 2048/4515 rows
[celeba 107/167] 2304/4515 rows
[celeba 107/167] 2560/4515 rows
[celeba 107/167] 2816/4515 rows
[celeba 107/167] 3072/4515 rows
[celeba 107/167] 3328/4515 rows
[celeba 107/167] 3584/4515 rows
[celeba 107/167] 3840/4515 rows
[celeba 107/167] 4096/4515 rows
[celeba 107/167] 4352/4515 rows
[celeba 107/167] 4515/4515 rows
[celeba] shard 107 done: 4515 scored, 0 skipped, 13.8s
[celeba 108/167] 256/4515 rows
[celeba 108/167] 512/4515 rows
[celeba 108/167] 768/4515 rows
[celeba 108/167] 1024/4515 rows
[celeba 108/167] 1280/4515 rows
[celeba 108/167] 1536/4515 rows
[celeba 108/167] 1792/4515 rows
[celeba 108/167] 2048/4515 rows
[celeba 108/167] 2304/4515 rows
[celeba 108/167] 2560/4515 rows
[celeba 108/167] 2816/4515 rows
[celeba 108/167] 3072/4515 rows
[celeba 108/167] 3328/4515 rows
[celeba 108/167] 3584/4515 rows
[celeba 108/167] 3840/4515 rows
[celeba 108/167] 4096/4515 rows
[celeba 108/167] 4352/4515 rows
[celeba 108/167] 4515/4515 rows
[celeba] shard 108 done: 4515 scored, 0 skipped, 13.3s
[celeba 109/167] 256/4515 rows
[celeba 109/167] 512/4515 rows
[celeba 109/167] 768/4515 rows
[celeba 109/167] 1024/4515 rows
[celeba 109/167] 1280/4515 rows
[celeba 109/167] 1536/4515 rows
[celeba 109/167] 1792/4515 rows
[celeba 109/167] 2048/4515 rows
[celeba 109/167] 2304/4515 rows
[celeba 109/167] 2560/4515 rows
[celeba 109/167] 2816/4515 rows
[celeba 109/167] 3072/4515 rows
[celeba 109/167] 3328/4515 rows
[celeba 109/167] 3584/4515 rows
[celeba 109/167] 3840/4515 rows
[celeba 109/167] 4096/4515 rows
[celeba 109/167] 4352/4515 rows
[celeba 109/167] 4515/4515 rows
[celeba] shard 109 done: 4515 scored, 0 skipped, 14.0s
[celeba 110/167] 256/4515 rows
[celeba 110/167] 512/4515 rows
[celeba 110/167] 768/4515 rows
[celeba 110/167] 1024/4515 rows
[celeba 110/167] 1280/4515 rows
[celeba 110/167] 1536/4515 rows
[celeba 110/167] 1792/4515 rows
[celeba 110/167] 2048/4515 rows
[celeba 110/167] 2304/4515 rows
[celeba 110/167] 2560/4515 rows
[celeba 110/167] 2816/4515 rows
[celeba 110/167] 3072/4515 rows
[celeba 110/167] 3328/4515 rows
[celeba 110/167] 3584/4515 rows
[celeba 110/167] 3840/4515 rows
[celeba 110/167] 4096/4515 rows
[celeba 110/167] 4352/4515 rows
[celeba 110/167] 4515/4515 rows
[celeba] shard 110 done: 4515 scored, 0 skipped, 13.4s
[celeba 111/167] 256/4515 rows
[celeba 111/167] 512/4515 rows
[celeba 111/167] 768/4515 rows
[celeba 111/167] 1024/4515 rows
[celeba 111/167] 1280/4515 rows
[celeba 111/167] 1536/4515 rows
[celeba 111/167] 1792/4515 rows
[celeba 111/167] 2048/4515 rows
[celeba 111/167] 2304/4515 rows
[celeba 111/167] 2560/4515 rows
[celeba 111/167] 2816/4515 rows
[celeba 111/167] 3072/4515 rows
[celeba 111/167] 3328/4515 rows
[celeba 111/167] 3584/4515 rows
[celeba 111/167] 3840/4515 rows
[celeba 111/167] 4096/4515 rows
[celeba 111/167] 4352/4515 rows
[celeba 111/167] 4515/4515 rows
[celeba] shard 111 done: 4515 scored, 0 skipped, 13.5s
[celeba 112/167] 256/4515 rows
[celeba 112/167] 512/4515 rows
[celeba 112/167] 768/4515 rows
[celeba 112/167] 1024/4515 rows
[celeba 112/167] 1280/4515 rows
[celeba 112/167] 1536/4515 rows
[celeba 112/167] 1792/4515 rows
[celeba 112/167] 2048/4515 rows
[celeba 112/167] 2304/4515 rows
[celeba 112/167] 2560/4515 rows
[celeba 112/167] 2816/4515 rows
[celeba 112/167] 3072/4515 rows
[celeba 112/167] 3328/4515 rows
[celeba 112/167] 3584/4515 rows
[celeba 112/167] 3840/4515 rows
[celeba 112/167] 4096/4515 rows
[celeba 112/167] 4352/4515 rows
[celeba 112/167] 4515/4515 rows
[celeba] shard 112 done: 4515 scored, 0 skipped, 13.8s
[celeba 113/167] 256/4515 rows
[celeba 113/167] 512/4515 rows
[celeba 113/167] 768/4515 rows
[celeba 113/167] 1024/4515 rows
[celeba 113/167] 1280/4515 rows
[celeba 113/167] 1536/4515 rows
[celeba 113/167] 1792/4515 rows
[celeba 113/167] 2048/4515 rows
[celeba 113/167] 2304/4515 rows
[celeba 113/167] 2560/4515 rows
[celeba 113/167] 2816/4515 rows
[celeba 113/167] 3072/4515 rows
[celeba 113/167] 3328/4515 rows
[celeba 113/167] 3584/4515 rows
[celeba 113/167] 3840/4515 rows
[celeba 113/167] 4096/4515 rows
[celeba 113/167] 4352/4515 rows
[celeba 113/167] 4515/4515 rows
[celeba] shard 113 done: 4515 scored, 0 skipped, 13.3s
[celeba 114/167] 256/4515 rows
[celeba 114/167] 512/4515 rows
[celeba 114/167] 768/4515 rows
[celeba 114/167] 1024/4515 rows
[celeba 114/167] 1280/4515 rows
[celeba 114/167] 1536/4515 rows
[celeba 114/167] 1792/4515 rows
[celeba 114/167] 2048/4515 rows
[celeba 114/167] 2304/4515 rows
[celeba 114/167] 2560/4515 rows
[celeba 114/167] 2816/4515 rows
[celeba 114/167] 3072/4515 rows
[celeba 114/167] 3328/4515 rows
[celeba 114/167] 3584/4515 rows
[celeba 114/167] 3840/4515 rows
[celeba 114/167] 4096/4515 rows
[celeba 114/167] 4352/4515 rows
[celeba 114/167] 4515/4515 rows
[celeba] shard 114 done: 4515 scored, 0 skipped, 13.7s
[celeba 115/167] 256/4515 rows
[celeba 115/167] 512/4515 rows
[celeba 115/167] 768/4515 rows
[celeba 115/167] 1024/4515 rows
[celeba 115/167] 1280/4515 rows
[celeba 115/167] 1536/4515 rows
[celeba 115/167] 1792/4515 rows
[celeba 115/167] 2048/4515 rows
[celeba 115/167] 2304/4515 rows
[celeba 115/167] 2560/4515 rows
[celeba 115/167] 2816/4515 rows
[celeba 115/167] 3072/4515 rows
[celeba 115/167] 3328/4515 rows
[celeba 115/167] 3584/4515 rows
[celeba 115/167] 3840/4515 rows
[celeba 115/167] 4096/4515 rows
[celeba 115/167] 4352/4515 rows
[celeba 115/167] 4515/4515 rows
[celeba] shard 115 done: 4515 scored, 0 skipped, 13.7s
[celeba 116/167] 256/4515 rows
[celeba 116/167] 512/4515 rows
[celeba 116/167] 768/4515 rows
[celeba 116/167] 1024/4515 rows
[celeba 116/167] 1280/4515 rows
[celeba 116/167] 1536/4515 rows
[celeba 116/167] 1792/4515 rows
[celeba 116/167] 2048/4515 rows
[celeba 116/167] 2304/4515 rows
[celeba 116/167] 2560/4515 rows
[celeba 116/167] 2816/4515 rows
[celeba 116/167] 3072/4515 rows
[celeba 116/167] 3328/4515 rows
[celeba 116/167] 3584/4515 rows
[celeba 116/167] 3840/4515 rows
[celeba 116/167] 4096/4515 rows
[celeba 116/167] 4352/4515 rows
[celeba 116/167] 4515/4515 rows
[celeba] shard 116 done: 4515 scored, 0 skipped, 13.4s
[celeba 117/167] 256/4515 rows
[celeba 117/167] 512/4515 rows
[celeba 117/167] 768/4515 rows
[celeba 117/167] 1024/4515 rows
[celeba 117/167] 1280/4515 rows
[celeba 117/167] 1536/4515 rows
[celeba 117/167] 1792/4515 rows
[celeba 117/167] 2048/4515 rows
[celeba 117/167] 2304/4515 rows
[celeba 117/167] 2560/4515 rows
[celeba 117/167] 2816/4515 rows
[celeba 117/167] 3072/4515 rows
[celeba 117/167] 3328/4515 rows
[celeba 117/167] 3584/4515 rows
[celeba 117/167] 3840/4515 rows
[celeba 117/167] 4096/4515 rows
[celeba 117/167] 4352/4515 rows
[celeba 117/167] 4515/4515 rows
[celeba] shard 117 done: 4515 scored, 0 skipped, 13.3s
[celeba 118/167] 256/4515 rows
[celeba 118/167] 512/4515 rows
[celeba 118/167] 768/4515 rows
[celeba 118/167] 1024/4515 rows
[celeba 118/167] 1280/4515 rows
[celeba 118/167] 1536/4515 rows
[celeba 118/167] 1792/4515 rows
[celeba 118/167] 2048/4515 rows
[celeba 118/167] 2304/4515 rows
[celeba 118/167] 2560/4515 rows
[celeba 118/167] 2816/4515 rows
[celeba 118/167] 3072/4515 rows
[celeba 118/167] 3328/4515 rows
[celeba 118/167] 3584/4515 rows
[celeba 118/167] 3840/4515 rows
[celeba 118/167] 4096/4515 rows
[celeba 118/167] 4352/4515 rows
[celeba 118/167] 4515/4515 rows
[celeba] shard 118 done: 4515 scored, 0 skipped, 13.2s
[celeba 119/167] 256/4515 rows
[celeba 119/167] 512/4515 rows
[celeba 119/167] 768/4515 rows
[celeba 119/167] 1024/4515 rows
[celeba 119/167] 1280/4515 rows
[celeba 119/167] 1536/4515 rows
[celeba 119/167] 1792/4515 rows
[celeba 119/167] 2048/4515 rows
[celeba 119/167] 2304/4515 rows
[celeba 119/167] 2560/4515 rows
[celeba 119/167] 2816/4515 rows
[celeba 119/167] 3072/4515 rows
[celeba 119/167] 3328/4515 rows
[celeba 119/167] 3584/4515 rows
[celeba 119/167] 3840/4515 rows
[celeba 119/167] 4096/4515 rows
[celeba 119/167] 4352/4515 rows
[celeba 119/167] 4515/4515 rows
[celeba] shard 119 done: 4515 scored, 0 skipped, 14.0s
[celeba 120/167] 256/4515 rows
[celeba 120/167] 512/4515 rows
[celeba 120/167] 768/4515 rows
[celeba 120/167] 1024/4515 rows
[celeba 120/167] 1280/4515 rows
[celeba 120/167] 1536/4515 rows
[celeba 120/167] 1792/4515 rows
[celeba 120/167] 2048/4515 rows
[celeba 120/167] 2304/4515 rows
[celeba 120/167] 2560/4515 rows
[celeba 120/167] 2816/4515 rows
[celeba 120/167] 3072/4515 rows
[celeba 120/167] 3328/4515 rows
[celeba 120/167] 3584/4515 rows
[celeba 120/167] 3840/4515 rows
[celeba 120/167] 4096/4515 rows
[celeba 120/167] 4352/4515 rows
[celeba 120/167] 4515/4515 rows
[celeba] shard 120 done: 4515 scored, 0 skipped, 13.3s
[celeba 121/167] 256/4515 rows
[celeba 121/167] 512/4515 rows
[celeba 121/167] 768/4515 rows
[celeba 121/167] 1024/4515 rows
[celeba 121/167] 1280/4515 rows
[celeba 121/167] 1536/4515 rows
[celeba 121/167] 1792/4515 rows
[celeba 121/167] 2048/4515 rows
[celeba 121/167] 2304/4515 rows
[celeba 121/167] 2560/4515 rows
[celeba 121/167] 2816/4515 rows
[celeba 121/167] 3072/4515 rows
[celeba 121/167] 3328/4515 rows
[celeba 121/167] 3584/4515 rows
[celeba 121/167] 3840/4515 rows
[celeba 121/167] 4096/4515 rows
[celeba 121/167] 4352/4515 rows
[celeba 121/167] 4515/4515 rows
[celeba] shard 121 done: 4515 scored, 0 skipped, 13.1s
[celeba 122/167] 256/4515 rows
[celeba 122/167] 512/4515 rows
[celeba 122/167] 768/4515 rows
[celeba 122/167] 1024/4515 rows
[celeba 122/167] 1280/4515 rows
[celeba 122/167] 1536/4515 rows
[celeba 122/167] 1792/4515 rows
[celeba 122/167] 2048/4515 rows
[celeba 122/167] 2304/4515 rows
[celeba 122/167] 2560/4515 rows
[celeba 122/167] 2816/4515 rows
[celeba 122/167] 3072/4515 rows
[celeba 122/167] 3328/4515 rows
[celeba 122/167] 3584/4515 rows
[celeba 122/167] 3840/4515 rows
[celeba 122/167] 4096/4515 rows
[celeba 122/167] 4352/4515 rows
[celeba 122/167] 4515/4515 rows
[celeba] shard 122 done: 4515 scored, 0 skipped, 14.1s
[celeba 123/167] 256/4515 rows
[celeba 123/167] 512/4515 rows
[celeba 123/167] 768/4515 rows
[celeba 123/167] 1024/4515 rows
[celeba 123/167] 1280/4515 rows
[celeba 123/167] 1536/4515 rows
[celeba 123/167] 1792/4515 rows
[celeba 123/167] 2048/4515 rows
[celeba 123/167] 2304/4515 rows
[celeba 123/167] 2560/4515 rows
[celeba 123/167] 2816/4515 rows
[celeba 123/167] 3072/4515 rows
[celeba 123/167] 3328/4515 rows
[celeba 123/167] 3584/4515 rows
[celeba 123/167] 3840/4515 rows
[celeba 123/167] 4096/4515 rows
[celeba 123/167] 4352/4515 rows
[celeba 123/167] 4515/4515 rows
[celeba] shard 123 done: 4515 scored, 0 skipped, 13.1s
[celeba 124/167] 256/4515 rows
[celeba 124/167] 512/4515 rows
[celeba 124/167] 768/4515 rows
[celeba 124/167] 1024/4515 rows
[celeba 124/167] 1280/4515 rows
[celeba 124/167] 1536/4515 rows
[celeba 124/167] 1792/4515 rows
[celeba 124/167] 2048/4515 rows
[celeba 124/167] 2304/4515 rows
[celeba 124/167] 2560/4515 rows
[celeba 124/167] 2816/4515 rows
[celeba 124/167] 3072/4515 rows
[celeba 124/167] 3328/4515 rows
[celeba 124/167] 3584/4515 rows
[celeba 124/167] 3840/4515 rows
[celeba 124/167] 4096/4515 rows
[celeba 124/167] 4352/4515 rows
[celeba 124/167] 4515/4515 rows
[celeba] shard 124 done: 4515 scored, 0 skipped, 13.6s
[celeba 125/167] 256/4515 rows
[celeba 125/167] 512/4515 rows
[celeba 125/167] 768/4515 rows
[celeba 125/167] 1024/4515 rows
[celeba 125/167] 1280/4515 rows
[celeba 125/167] 1536/4515 rows
[celeba 125/167] 1792/4515 rows
[celeba 125/167] 2048/4515 rows
[celeba 125/167] 2304/4515 rows
[celeba 125/167] 2560/4515 rows
[celeba 125/167] 2816/4515 rows
[celeba 125/167] 3072/4515 rows
[celeba 125/167] 3328/4515 rows
[celeba 125/167] 3584/4515 rows
[celeba 125/167] 3840/4515 rows
[celeba 125/167] 4096/4515 rows
[celeba 125/167] 4352/4515 rows
[celeba 125/167] 4515/4515 rows
[celeba] shard 125 done: 4515 scored, 0 skipped, 13.7s
[celeba 126/167] 256/4515 rows
[celeba 126/167] 512/4515 rows
[celeba 126/167] 768/4515 rows
[celeba 126/167] 1024/4515 rows
[celeba 126/167] 1280/4515 rows
[celeba 126/167] 1536/4515 rows
[celeba 126/167] 1792/4515 rows
[celeba 126/167] 2048/4515 rows
[celeba 126/167] 2304/4515 rows
[celeba 126/167] 2560/4515 rows
[celeba 126/167] 2816/4515 rows
[celeba 126/167] 3072/4515 rows
[celeba 126/167] 3328/4515 rows
[celeba 126/167] 3584/4515 rows
[celeba 126/167] 3840/4515 rows
[celeba 126/167] 4096/4515 rows
[celeba 126/167] 4352/4515 rows
[celeba 126/167] 4515/4515 rows
[celeba] shard 126 done: 4515 scored, 0 skipped, 13.2s
[celeba 127/167] 256/4515 rows
[celeba 127/167] 512/4515 rows
[celeba 127/167] 768/4515 rows
[celeba 127/167] 1024/4515 rows
[celeba 127/167] 1280/4515 rows
[celeba 127/167] 1536/4515 rows
[celeba 127/167] 1792/4515 rows
[celeba 127/167] 2048/4515 rows
[celeba 127/167] 2304/4515 rows
[celeba 127/167] 2560/4515 rows
[celeba 127/167] 2816/4515 rows
[celeba 127/167] 3072/4515 rows
[celeba 127/167] 3328/4515 rows
[celeba 127/167] 3584/4515 rows
[celeba 127/167] 3840/4515 rows
[celeba 127/167] 4096/4515 rows
[celeba 127/167] 4352/4515 rows
[celeba 127/167] 4515/4515 rows
[celeba] shard 127 done: 4515 scored, 0 skipped, 13.9s
[celeba 128/167] 256/4515 rows
[celeba 128/167] 512/4515 rows
[celeba 128/167] 768/4515 rows
[celeba 128/167] 1024/4515 rows
[celeba 128/167] 1280/4515 rows
[celeba 128/167] 1536/4515 rows
[celeba 128/167] 1792/4515 rows
[celeba 128/167] 2048/4515 rows
[celeba 128/167] 2304/4515 rows
[celeba 128/167] 2560/4515 rows
[celeba 128/167] 2816/4515 rows
[celeba 128/167] 3072/4515 rows
[celeba 128/167] 3328/4515 rows
[celeba 128/167] 3584/4515 rows
[celeba 128/167] 3840/4515 rows
[celeba 128/167] 4096/4515 rows
[celeba 128/167] 4352/4515 rows
[celeba 128/167] 4515/4515 rows
[celeba] shard 128 done: 4515 scored, 0 skipped, 13.9s
[celeba 129/167] 256/4515 rows
[celeba 129/167] 512/4515 rows
[celeba 129/167] 768/4515 rows
[celeba 129/167] 1024/4515 rows
[celeba 129/167] 1280/4515 rows
[celeba 129/167] 1536/4515 rows
[celeba 129/167] 1792/4515 rows
[celeba 129/167] 2048/4515 rows
[celeba 129/167] 2304/4515 rows
[celeba 129/167] 2560/4515 rows
[celeba 129/167] 2816/4515 rows
[celeba 129/167] 3072/4515 rows
[celeba 129/167] 3328/4515 rows
[celeba 129/167] 3584/4515 rows
[celeba 129/167] 3840/4515 rows
[celeba 129/167] 4096/4515 rows
[celeba 129/167] 4352/4515 rows
[celeba 129/167] 4515/4515 rows
[celeba] shard 129 done: 4515 scored, 0 skipped, 13.2s
[celeba 130/167] 256/4515 rows
[celeba 130/167] 512/4515 rows
[celeba 130/167] 768/4515 rows
[celeba 130/167] 1024/4515 rows
[celeba 130/167] 1280/4515 rows
[celeba 130/167] 1536/4515 rows
[celeba 130/167] 1792/4515 rows
[celeba 130/167] 2048/4515 rows
[celeba 130/167] 2304/4515 rows
[celeba 130/167] 2560/4515 rows
[celeba 130/167] 2816/4515 rows
[celeba 130/167] 3072/4515 rows
[celeba 130/167] 3328/4515 rows
[celeba 130/167] 3584/4515 rows
[celeba 130/167] 3840/4515 rows
[celeba 130/167] 4096/4515 rows
[celeba 130/167] 4352/4515 rows
[celeba 130/167] 4515/4515 rows
[celeba] shard 130 done: 4515 scored, 0 skipped, 13.4s
[celeba 131/167] 256/4515 rows
[celeba 131/167] 512/4515 rows
[celeba 131/167] 768/4515 rows
[celeba 131/167] 1024/4515 rows
[celeba 131/167] 1280/4515 rows
[celeba 131/167] 1536/4515 rows
[celeba 131/167] 1792/4515 rows
[celeba 131/167] 2048/4515 rows
[celeba 131/167] 2304/4515 rows
[celeba 131/167] 2560/4515 rows
[celeba 131/167] 2816/4515 rows
[celeba 131/167] 3072/4515 rows
[celeba 131/167] 3328/4515 rows
[celeba 131/167] 3584/4515 rows
[celeba 131/167] 3840/4515 rows
[celeba 131/167] 4096/4515 rows
[celeba 131/167] 4352/4515 rows
[celeba 131/167] 4515/4515 rows
[celeba] shard 131 done: 4515 scored, 0 skipped, 13.6s
[celeba 132/167] 256/4515 rows
[celeba 132/167] 512/4515 rows
[celeba 132/167] 768/4515 rows
[celeba 132/167] 1024/4515 rows
[celeba 132/167] 1280/4515 rows
[celeba 132/167] 1536/4515 rows
[celeba 132/167] 1792/4515 rows
[celeba 132/167] 2048/4515 rows
[celeba 132/167] 2304/4515 rows
[celeba 132/167] 2560/4515 rows
[celeba 132/167] 2816/4515 rows
[celeba 132/167] 3072/4515 rows
[celeba 132/167] 3328/4515 rows
[celeba 132/167] 3584/4515 rows
[celeba 132/167] 3840/4515 rows
[celeba 132/167] 4096/4515 rows
[celeba 132/167] 4352/4515 rows
[celeba 132/167] 4515/4515 rows
[celeba] shard 132 done: 4515 scored, 0 skipped, 13.7s
[celeba 133/167] 256/4515 rows
[celeba 133/167] 512/4515 rows
[celeba 133/167] 768/4515 rows
[celeba 133/167] 1024/4515 rows
[celeba 133/167] 1280/4515 rows
[celeba 133/167] 1536/4515 rows
[celeba 133/167] 1792/4515 rows
[celeba 133/167] 2048/4515 rows
[celeba 133/167] 2304/4515 rows
[celeba 133/167] 2560/4515 rows
[celeba 133/167] 2816/4515 rows
[celeba 133/167] 3072/4515 rows
[celeba 133/167] 3328/4515 rows
[celeba 133/167] 3584/4515 rows
[celeba 133/167] 3840/4515 rows
[celeba 133/167] 4096/4515 rows
[celeba 133/167] 4352/4515 rows
[celeba 133/167] 4515/4515 rows
[celeba] shard 133 done: 4515 scored, 0 skipped, 13.3s
[celeba 134/167] 256/4515 rows
[celeba 134/167] 512/4515 rows
[celeba 134/167] 768/4515 rows
[celeba 134/167] 1024/4515 rows
[celeba 134/167] 1280/4515 rows
[celeba 134/167] 1536/4515 rows
[celeba 134/167] 1792/4515 rows
[celeba 134/167] 2048/4515 rows
[celeba 134/167] 2304/4515 rows
[celeba 134/167] 2560/4515 rows
[celeba 134/167] 2816/4515 rows
[celeba 134/167] 3072/4515 rows
[celeba 134/167] 3328/4515 rows
[celeba 134/167] 3584/4515 rows
[celeba 134/167] 3840/4515 rows
[celeba 134/167] 4096/4515 rows
[celeba 134/167] 4352/4515 rows
[celeba 134/167] 4515/4515 rows
[celeba] shard 134 done: 4515 scored, 0 skipped, 13.6s
[celeba 135/167] 256/4515 rows
[celeba 135/167] 512/4515 rows
[celeba 135/167] 768/4515 rows
[celeba 135/167] 1024/4515 rows
[celeba 135/167] 1280/4515 rows
[celeba 135/167] 1536/4515 rows
[celeba 135/167] 1792/4515 rows
[celeba 135/167] 2048/4515 rows
[celeba 135/167] 2304/4515 rows
[celeba 135/167] 2560/4515 rows
[celeba 135/167] 2816/4515 rows
[celeba 135/167] 3072/4515 rows
[celeba 135/167] 3328/4515 rows
[celeba 135/167] 3584/4515 rows
[celeba 135/167] 3840/4515 rows
[celeba 135/167] 4096/4515 rows
[celeba 135/167] 4352/4515 rows
[celeba 135/167] 4515/4515 rows
[celeba] shard 135 done: 4515 scored, 0 skipped, 13.4s
[celeba 136/167] 256/4515 rows
[celeba 136/167] 512/4515 rows
[celeba 136/167] 768/4515 rows
[celeba 136/167] 1024/4515 rows
[celeba 136/167] 1280/4515 rows
[celeba 136/167] 1536/4515 rows
[celeba 136/167] 1792/4515 rows
[celeba 136/167] 2048/4515 rows
[celeba 136/167] 2304/4515 rows
[celeba 136/167] 2560/4515 rows
[celeba 136/167] 2816/4515 rows
[celeba 136/167] 3072/4515 rows
[celeba 136/167] 3328/4515 rows
[celeba 136/167] 3584/4515 rows
[celeba 136/167] 3840/4515 rows
[celeba 136/167] 4096/4515 rows
[celeba 136/167] 4352/4515 rows
[celeba 136/167] 4515/4515 rows
[celeba] shard 136 done: 4515 scored, 0 skipped, 13.5s
[celeba 137/167] 256/4515 rows
[celeba 137/167] 512/4515 rows
[celeba 137/167] 768/4515 rows
[celeba 137/167] 1024/4515 rows
[celeba 137/167] 1280/4515 rows
[celeba 137/167] 1536/4515 rows
[celeba 137/167] 1792/4515 rows
[celeba 137/167] 2048/4515 rows
[celeba 137/167] 2304/4515 rows
[celeba 137/167] 2560/4515 rows
[celeba 137/167] 2816/4515 rows
[celeba 137/167] 3072/4515 rows
[celeba 137/167] 3328/4515 rows
[celeba 137/167] 3584/4515 rows
[celeba 137/167] 3840/4515 rows
[celeba 137/167] 4096/4515 rows
[celeba 137/167] 4352/4515 rows
[celeba 137/167] 4515/4515 rows
[celeba] shard 137 done: 4515 scored, 0 skipped, 13.5s
[celeba 138/167] 256/4515 rows
[celeba 138/167] 512/4515 rows
[celeba 138/167] 768/4515 rows
[celeba 138/167] 1024/4515 rows
[celeba 138/167] 1280/4515 rows
[celeba 138/167] 1536/4515 rows
[celeba 138/167] 1792/4515 rows
[celeba 138/167] 2048/4515 rows
[celeba 138/167] 2304/4515 rows
[celeba 138/167] 2560/4515 rows
[celeba 138/167] 2816/4515 rows
[celeba 138/167] 3072/4515 rows
[celeba 138/167] 3328/4515 rows
[celeba 138/167] 3584/4515 rows
[celeba 138/167] 3840/4515 rows
[celeba 138/167] 4096/4515 rows
[celeba 138/167] 4352/4515 rows
[celeba 138/167] 4515/4515 rows
[celeba] shard 138 done: 4515 scored, 0 skipped, 13.2s
[celeba 139/167] 256/4515 rows
[celeba 139/167] 512/4515 rows
[celeba 139/167] 768/4515 rows
[celeba 139/167] 1024/4515 rows
[celeba 139/167] 1280/4515 rows
[celeba 139/167] 1536/4515 rows
[celeba 139/167] 1792/4515 rows
[celeba 139/167] 2048/4515 rows
[celeba 139/167] 2304/4515 rows
[celeba 139/167] 2560/4515 rows
[celeba 139/167] 2816/4515 rows
[celeba 139/167] 3072/4515 rows
[celeba 139/167] 3328/4515 rows
[celeba 139/167] 3584/4515 rows
[celeba 139/167] 3840/4515 rows
[celeba 139/167] 4096/4515 rows
[celeba 139/167] 4352/4515 rows
[celeba 139/167] 4515/4515 rows
[celeba] shard 139 done: 4515 scored, 0 skipped, 14.1s
[celeba 140/167] 256/4515 rows
[celeba 140/167] 512/4515 rows
[celeba 140/167] 768/4515 rows
[celeba 140/167] 1024/4515 rows
[celeba 140/167] 1280/4515 rows
[celeba 140/167] 1536/4515 rows
[celeba 140/167] 1792/4515 rows
[celeba 140/167] 2048/4515 rows
[celeba 140/167] 2304/4515 rows
[celeba 140/167] 2560/4515 rows
[celeba 140/167] 2816/4515 rows
[celeba 140/167] 3072/4515 rows
[celeba 140/167] 3328/4515 rows
[celeba 140/167] 3584/4515 rows
[celeba 140/167] 3840/4515 rows
[celeba 140/167] 4096/4515 rows
[celeba 140/167] 4352/4515 rows
[celeba 140/167] 4515/4515 rows
[celeba] shard 140 done: 4515 scored, 0 skipped, 12.9s
[celeba 141/167] 256/4515 rows
[celeba 141/167] 512/4515 rows
[celeba 141/167] 768/4515 rows
[celeba 141/167] 1024/4515 rows
[celeba 141/167] 1280/4515 rows
[celeba 141/167] 1536/4515 rows
[celeba 141/167] 1792/4515 rows
[celeba 141/167] 2048/4515 rows
[celeba 141/167] 2304/4515 rows
[celeba 141/167] 2560/4515 rows
[celeba 141/167] 2816/4515 rows
[celeba 141/167] 3072/4515 rows
[celeba 141/167] 3328/4515 rows
[celeba 141/167] 3584/4515 rows
[celeba 141/167] 3840/4515 rows
[celeba 141/167] 4096/4515 rows
[celeba 141/167] 4352/4515 rows
[celeba 141/167] 4515/4515 rows
[celeba] shard 141 done: 4515 scored, 0 skipped, 13.6s
[celeba 142/167] 256/4515 rows
[celeba 142/167] 512/4515 rows
[celeba 142/167] 768/4515 rows
[celeba 142/167] 1024/4515 rows
[celeba 142/167] 1280/4515 rows
[celeba 142/167] 1536/4515 rows
[celeba 142/167] 1792/4515 rows
[celeba 142/167] 2048/4515 rows
[celeba 142/167] 2304/4515 rows
[celeba 142/167] 2560/4515 rows
[celeba 142/167] 2816/4515 rows
[celeba 142/167] 3072/4515 rows
[celeba 142/167] 3328/4515 rows
[celeba 142/167] 3584/4515 rows
[celeba 142/167] 3840/4515 rows
[celeba 142/167] 4096/4515 rows
[celeba 142/167] 4352/4515 rows
[celeba 142/167] 4515/4515 rows
[celeba] shard 142 done: 4515 scored, 0 skipped, 13.3s
[celeba 143/167] 256/4515 rows
[celeba 143/167] 512/4515 rows
[celeba 143/167] 768/4515 rows
[celeba 143/167] 1024/4515 rows
[celeba 143/167] 1280/4515 rows
[celeba 143/167] 1536/4515 rows
[celeba 143/167] 1792/4515 rows
[celeba 143/167] 2048/4515 rows
[celeba 143/167] 2304/4515 rows
[celeba 143/167] 2560/4515 rows
[celeba 143/167] 2816/4515 rows
[celeba 143/167] 3072/4515 rows
[celeba 143/167] 3328/4515 rows
[celeba 143/167] 3584/4515 rows
[celeba 143/167] 3840/4515 rows
[celeba 143/167] 4096/4515 rows
[celeba 143/167] 4352/4515 rows
[celeba 143/167] 4515/4515 rows
[celeba] shard 143 done: 4515 scored, 0 skipped, 13.9s
[celeba 144/167] 256/4515 rows
[celeba 144/167] 512/4515 rows
[celeba 144/167] 768/4515 rows
[celeba 144/167] 1024/4515 rows
[celeba 144/167] 1280/4515 rows
[celeba 144/167] 1536/4515 rows
[celeba 144/167] 1792/4515 rows
[celeba 144/167] 2048/4515 rows
[celeba 144/167] 2304/4515 rows
[celeba 144/167] 2560/4515 rows
[celeba 144/167] 2816/4515 rows
[celeba 144/167] 3072/4515 rows
[celeba 144/167] 3328/4515 rows
[celeba 144/167] 3584/4515 rows
[celeba 144/167] 3840/4515 rows
[celeba 144/167] 4096/4515 rows
[celeba 144/167] 4352/4515 rows
[celeba 144/167] 4515/4515 rows
[celeba] shard 144 done: 4515 scored, 0 skipped, 13.3s
[celeba 145/167] 256/4515 rows
[celeba 145/167] 512/4515 rows
[celeba 145/167] 768/4515 rows
[celeba 145/167] 1024/4515 rows
[celeba 145/167] 1280/4515 rows
[celeba 145/167] 1536/4515 rows
[celeba 145/167] 1792/4515 rows
[celeba 145/167] 2048/4515 rows
[celeba 145/167] 2304/4515 rows
[celeba 145/167] 2560/4515 rows
[celeba 145/167] 2816/4515 rows
[celeba 145/167] 3072/4515 rows
[celeba 145/167] 3328/4515 rows
[celeba 145/167] 3584/4515 rows
[celeba 145/167] 3840/4515 rows
[celeba 145/167] 4096/4515 rows
[celeba 145/167] 4352/4515 rows
[celeba 145/167] 4515/4515 rows
[celeba] shard 145 done: 4515 scored, 0 skipped, 13.4s
[celeba 146/167] 256/4515 rows
[celeba 146/167] 512/4515 rows
[celeba 146/167] 768/4515 rows
[celeba 146/167] 1024/4515 rows
[celeba 146/167] 1280/4515 rows
[celeba 146/167] 1536/4515 rows
[celeba 146/167] 1792/4515 rows
[celeba 146/167] 2048/4515 rows
[celeba 146/167] 2304/4515 rows
[celeba 146/167] 2560/4515 rows
[celeba 146/167] 2816/4515 rows
[celeba 146/167] 3072/4515 rows
[celeba 146/167] 3328/4515 rows
[celeba 146/167] 3584/4515 rows
[celeba 146/167] 3840/4515 rows
[celeba 146/167] 4096/4515 rows
[celeba 146/167] 4352/4515 rows
[celeba 146/167] 4515/4515 rows
[celeba] shard 146 done: 4515 scored, 0 skipped, 13.4s
[celeba 147/167] 256/4515 rows
[celeba 147/167] 512/4515 rows
[celeba 147/167] 768/4515 rows
[celeba 147/167] 1024/4515 rows
[celeba 147/167] 1280/4515 rows
[celeba 147/167] 1536/4515 rows
[celeba 147/167] 1792/4515 rows
[celeba 147/167] 2048/4515 rows
[celeba 147/167] 2304/4515 rows
[celeba 147/167] 2560/4515 rows
[celeba 147/167] 2816/4515 rows
[celeba 147/167] 3072/4515 rows
[celeba 147/167] 3328/4515 rows
[celeba 147/167] 3584/4515 rows
[celeba 147/167] 3840/4515 rows
[celeba 147/167] 4096/4515 rows
[celeba 147/167] 4352/4515 rows
[celeba 147/167] 4515/4515 rows
[celeba] shard 147 done: 4515 scored, 0 skipped, 13.1s
[celeba 148/167] 256/4515 rows
[celeba 148/167] 512/4515 rows
[celeba 148/167] 768/4515 rows
[celeba 148/167] 1024/4515 rows
[celeba 148/167] 1280/4515 rows
[celeba 148/167] 1536/4515 rows
[celeba 148/167] 1792/4515 rows
[celeba 148/167] 2048/4515 rows
[celeba 148/167] 2304/4515 rows
[celeba 148/167] 2560/4515 rows
[celeba 148/167] 2816/4515 rows
[celeba 148/167] 3072/4515 rows
[celeba 148/167] 3328/4515 rows
[celeba 148/167] 3584/4515 rows
[celeba 148/167] 3840/4515 rows
[celeba 148/167] 4096/4515 rows
[celeba 148/167] 4352/4515 rows
[celeba 148/167] 4515/4515 rows
[celeba] shard 148 done: 4515 scored, 0 skipped, 13.6s
[celeba 149/167] 256/4515 rows
[celeba 149/167] 512/4515 rows
[celeba 149/167] 768/4515 rows
[celeba 149/167] 1024/4515 rows
[celeba 149/167] 1280/4515 rows
[celeba 149/167] 1536/4515 rows
[celeba 149/167] 1792/4515 rows
[celeba 149/167] 2048/4515 rows
[celeba 149/167] 2304/4515 rows
[celeba 149/167] 2560/4515 rows
[celeba 149/167] 2816/4515 rows
[celeba 149/167] 3072/4515 rows
[celeba 149/167] 3328/4515 rows
[celeba 149/167] 3584/4515 rows
[celeba 149/167] 3840/4515 rows
[celeba 149/167] 4096/4515 rows
[celeba 149/167] 4352/4515 rows
[celeba 149/167] 4515/4515 rows
[celeba] shard 149 done: 4515 scored, 0 skipped, 13.4s
[celeba 150/167] 256/4515 rows
[celeba 150/167] 512/4515 rows
[celeba 150/167] 768/4515 rows
[celeba 150/167] 1024/4515 rows
[celeba 150/167] 1280/4515 rows
[celeba 150/167] 1536/4515 rows
[celeba 150/167] 1792/4515 rows
[celeba 150/167] 2048/4515 rows
[celeba 150/167] 2304/4515 rows
[celeba 150/167] 2560/4515 rows
[celeba 150/167] 2816/4515 rows
[celeba 150/167] 3072/4515 rows
[celeba 150/167] 3328/4515 rows
[celeba 150/167] 3584/4515 rows
[celeba 150/167] 3840/4515 rows
[celeba 150/167] 4096/4515 rows
[celeba 150/167] 4352/4515 rows
[celeba 150/167] 4515/4515 rows
[celeba] shard 150 done: 4515 scored, 0 skipped, 13.2s
[celeba 151/167] 256/4515 rows
[celeba 151/167] 512/4515 rows
[celeba 151/167] 768/4515 rows
[celeba 151/167] 1024/4515 rows
[celeba 151/167] 1280/4515 rows
[celeba 151/167] 1536/4515 rows
[celeba 151/167] 1792/4515 rows
[celeba 151/167] 2048/4515 rows
[celeba 151/167] 2304/4515 rows
[celeba 151/167] 2560/4515 rows
[celeba 151/167] 2816/4515 rows
[celeba 151/167] 3072/4515 rows
[celeba 151/167] 3328/4515 rows
[celeba 151/167] 3584/4515 rows
[celeba 151/167] 3840/4515 rows
[celeba 151/167] 4096/4515 rows
[celeba 151/167] 4352/4515 rows
[celeba 151/167] 4515/4515 rows
[celeba] shard 151 done: 4515 scored, 0 skipped, 13.0s
[celeba 152/167] 256/4515 rows
[celeba 152/167] 512/4515 rows
[celeba 152/167] 768/4515 rows
[celeba 152/167] 1024/4515 rows
[celeba 152/167] 1280/4515 rows
[celeba 152/167] 1536/4515 rows
[celeba 152/167] 1792/4515 rows
[celeba 152/167] 2048/4515 rows
[celeba 152/167] 2304/4515 rows
[celeba 152/167] 2560/4515 rows
[celeba 152/167] 2816/4515 rows
[celeba 152/167] 3072/4515 rows
[celeba 152/167] 3328/4515 rows
[celeba 152/167] 3584/4515 rows
[celeba 152/167] 3840/4515 rows
[celeba 152/167] 4096/4515 rows
[celeba 152/167] 4352/4515 rows
[celeba 152/167] 4515/4515 rows
[celeba] shard 152 done: 4515 scored, 0 skipped, 13.2s
[celeba 153/167] 256/4515 rows
[celeba 153/167] 512/4515 rows
[celeba 153/167] 768/4515 rows
[celeba 153/167] 1024/4515 rows
[celeba 153/167] 1280/4515 rows
[celeba 153/167] 1536/4515 rows
[celeba 153/167] 1792/4515 rows
[celeba 153/167] 2048/4515 rows
[celeba 153/167] 2304/4515 rows
[celeba 153/167] 2560/4515 rows
[celeba 153/167] 2816/4515 rows
[celeba 153/167] 3072/4515 rows
[celeba 153/167] 3328/4515 rows
[celeba 153/167] 3584/4515 rows
[celeba 153/167] 3840/4515 rows
[celeba 153/167] 4096/4515 rows
[celeba 153/167] 4352/4515 rows
[celeba 153/167] 4515/4515 rows
[celeba] shard 153 done: 4515 scored, 0 skipped, 13.5s
[celeba 154/167] 256/4515 rows
[celeba 154/167] 512/4515 rows
[celeba 154/167] 768/4515 rows
[celeba 154/167] 1024/4515 rows
[celeba 154/167] 1280/4515 rows
[celeba 154/167] 1536/4515 rows
[celeba 154/167] 1792/4515 rows
[celeba 154/167] 2048/4515 rows
[celeba 154/167] 2304/4515 rows
[celeba 154/167] 2560/4515 rows
[celeba 154/167] 2816/4515 rows
[celeba 154/167] 3072/4515 rows
[celeba 154/167] 3328/4515 rows
[celeba 154/167] 3584/4515 rows
[celeba 154/167] 3840/4515 rows
[celeba 154/167] 4096/4515 rows
[celeba 154/167] 4352/4515 rows
[celeba 154/167] 4515/4515 rows
[celeba] shard 154 done: 4515 scored, 0 skipped, 13.0s
[celeba 155/167] 256/4515 rows
[celeba 155/167] 512/4515 rows
[celeba 155/167] 768/4515 rows
[celeba 155/167] 1024/4515 rows
[celeba 155/167] 1280/4515 rows
[celeba 155/167] 1536/4515 rows
[celeba 155/167] 1792/4515 rows
[celeba 155/167] 2048/4515 rows
[celeba 155/167] 2304/4515 rows
[celeba 155/167] 2560/4515 rows
[celeba 155/167] 2816/4515 rows
[celeba 155/167] 3072/4515 rows
[celeba 155/167] 3328/4515 rows
[celeba 155/167] 3584/4515 rows
[celeba 155/167] 3840/4515 rows
[celeba 155/167] 4096/4515 rows
[celeba 155/167] 4352/4515 rows
[celeba 155/167] 4515/4515 rows
[celeba] shard 155 done: 4515 scored, 0 skipped, 13.4s
[celeba 156/167] 256/4515 rows
[celeba 156/167] 512/4515 rows
[celeba 156/167] 768/4515 rows
[celeba 156/167] 1024/4515 rows
[celeba 156/167] 1280/4515 rows
[celeba 156/167] 1536/4515 rows
[celeba 156/167] 1792/4515 rows
[celeba 156/167] 2048/4515 rows
[celeba 156/167] 2304/4515 rows
[celeba 156/167] 2560/4515 rows
[celeba 156/167] 2816/4515 rows
[celeba 156/167] 3072/4515 rows
[celeba 156/167] 3328/4515 rows
[celeba 156/167] 3584/4515 rows
[celeba 156/167] 3840/4515 rows
[celeba 156/167] 4096/4515 rows
[celeba 156/167] 4352/4515 rows
[celeba 156/167] 4515/4515 rows
[celeba] shard 156 done: 4515 scored, 0 skipped, 13.6s
[celeba 157/167] 256/4515 rows
[celeba 157/167] 512/4515 rows
[celeba 157/167] 768/4515 rows
[celeba 157/167] 1024/4515 rows
[celeba 157/167] 1280/4515 rows
[celeba 157/167] 1536/4515 rows
[celeba 157/167] 1792/4515 rows
[celeba 157/167] 2048/4515 rows
[celeba 157/167] 2304/4515 rows
[celeba 157/167] 2560/4515 rows
[celeba 157/167] 2816/4515 rows
[celeba 157/167] 3072/4515 rows
[celeba 157/167] 3328/4515 rows
[celeba 157/167] 3584/4515 rows
[celeba 157/167] 3840/4515 rows
[celeba 157/167] 4096/4515 rows
[celeba 157/167] 4352/4515 rows
[celeba 157/167] 4515/4515 rows
[celeba] shard 157 done: 4515 scored, 0 skipped, 12.9s
[celeba 158/167] 256/5194 rows
[celeba 158/167] 512/5194 rows
[celeba 158/167] 768/5194 rows
[celeba 158/167] 1024/5194 rows
[celeba 158/167] 1280/5194 rows
[celeba 158/167] 1536/5194 rows
[celeba 158/167] 1792/5194 rows
[celeba 158/167] 2048/5194 rows
[celeba 158/167] 2304/5194 rows
[celeba 158/167] 2560/5194 rows
[celeba 158/167] 2816/5194 rows
[celeba 158/167] 3072/5194 rows
[celeba 158/167] 3328/5194 rows
[celeba 158/167] 3584/5194 rows
[celeba 158/167] 3840/5194 rows
[celeba 158/167] 4096/5194 rows
[celeba 158/167] 4352/5194 rows
[celeba 158/167] 4608/5194 rows
[celeba 158/167] 4864/5194 rows
[celeba 158/167] 5120/5194 rows
[celeba 158/167] 5194/5194 rows
[celeba] shard 158 done: 5194 scored, 0 skipped, 16.2s
[celeba 159/167] 256/5193 rows
[celeba 159/167] 512/5193 rows
[celeba 159/167] 768/5193 rows
[celeba 159/167] 1024/5193 rows
[celeba 159/167] 1280/5193 rows
[celeba 159/167] 1536/5193 rows
[celeba 159/167] 1792/5193 rows
[celeba 159/167] 2048/5193 rows
[celeba 159/167] 2304/5193 rows
[celeba 159/167] 2560/5193 rows
[celeba 159/167] 2816/5193 rows
[celeba 159/167] 3072/5193 rows
[celeba 159/167] 3328/5193 rows
[celeba 159/167] 3584/5193 rows
[celeba 159/167] 3840/5193 rows
[celeba 159/167] 4096/5193 rows
[celeba 159/167] 4352/5193 rows
[celeba 159/167] 4608/5193 rows
[celeba 159/167] 4864/5193 rows
[celeba 159/167] 5120/5193 rows
[celeba 159/167] 5193/5193 rows
[celeba] shard 159 done: 5193 scored, 0 skipped, 15.2s
[celeba 160/167] 256/5193 rows
[celeba 160/167] 512/5193 rows
[celeba 160/167] 768/5193 rows
[celeba 160/167] 1024/5193 rows
[celeba 160/167] 1280/5193 rows
[celeba 160/167] 1536/5193 rows
[celeba 160/167] 1792/5193 rows
[celeba 160/167] 2048/5193 rows
[celeba 160/167] 2304/5193 rows
[celeba 160/167] 2560/5193 rows
[celeba 160/167] 2816/5193 rows
[celeba 160/167] 3072/5193 rows
[celeba 160/167] 3328/5193 rows
[celeba 160/167] 3584/5193 rows
[celeba 160/167] 3840/5193 rows
[celeba 160/167] 4096/5193 rows
[celeba 160/167] 4352/5193 rows
[celeba 160/167] 4608/5193 rows
[celeba 160/167] 4864/5193 rows
[celeba 160/167] 5120/5193 rows
[celeba 160/167] 5193/5193 rows
[celeba] shard 160 done: 5193 scored, 0 skipped, 15.1s
[celeba 161/167] 256/5193 rows
[celeba 161/167] 512/5193 rows
[celeba 161/167] 768/5193 rows
[celeba 161/167] 1024/5193 rows
[celeba 161/167] 1280/5193 rows
[celeba 161/167] 1536/5193 rows
[celeba 161/167] 1792/5193 rows
[celeba 161/167] 2048/5193 rows
[celeba 161/167] 2304/5193 rows
[celeba 161/167] 2560/5193 rows
[celeba 161/167] 2816/5193 rows
[celeba 161/167] 3072/5193 rows
[celeba 161/167] 3328/5193 rows
[celeba 161/167] 3584/5193 rows
[celeba 161/167] 3840/5193 rows
[celeba 161/167] 4096/5193 rows
[celeba 161/167] 4352/5193 rows
[celeba 161/167] 4608/5193 rows
[celeba 161/167] 4864/5193 rows
[celeba 161/167] 5120/5193 rows
[celeba 161/167] 5193/5193 rows
[celeba] shard 161 done: 5193 scored, 0 skipped, 16.0s
[celeba 162/167] 256/5193 rows
[celeba 162/167] 512/5193 rows
[celeba 162/167] 768/5193 rows
[celeba 162/167] 1024/5193 rows
[celeba 162/167] 1280/5193 rows
[celeba 162/167] 1536/5193 rows
[celeba 162/167] 1792/5193 rows
[celeba 162/167] 2048/5193 rows
[celeba 162/167] 2304/5193 rows
[celeba 162/167] 2560/5193 rows
[celeba 162/167] 2816/5193 rows
[celeba 162/167] 3072/5193 rows
[celeba 162/167] 3328/5193 rows
[celeba 162/167] 3584/5193 rows
[celeba 162/167] 3840/5193 rows
[celeba 162/167] 4096/5193 rows
[celeba 162/167] 4352/5193 rows
[celeba 162/167] 4608/5193 rows
[celeba 162/167] 4864/5193 rows
[celeba 162/167] 5120/5193 rows
[celeba 162/167] 5193/5193 rows
[celeba] shard 162 done: 5193 scored, 0 skipped, 15.7s
[celeba 163/167] 256/5193 rows
[celeba 163/167] 512/5193 rows
[celeba 163/167] 768/5193 rows
[celeba 163/167] 1024/5193 rows
[celeba 163/167] 1280/5193 rows
[celeba 163/167] 1536/5193 rows
[celeba 163/167] 1792/5193 rows
[celeba 163/167] 2048/5193 rows
[celeba 163/167] 2304/5193 rows
[celeba 163/167] 2560/5193 rows
[celeba 163/167] 2816/5193 rows
[celeba 163/167] 3072/5193 rows
[celeba 163/167] 3328/5193 rows
[celeba 163/167] 3584/5193 rows
[celeba 163/167] 3840/5193 rows
[celeba 163/167] 4096/5193 rows
[celeba 163/167] 4352/5193 rows
[celeba 163/167] 4608/5193 rows
[celeba 163/167] 4864/5193 rows
[celeba 163/167] 5120/5193 rows
[celeba 163/167] 5193/5193 rows
[celeba] shard 163 done: 5193 scored, 0 skipped, 15.3s
[celeba 164/167] 256/5193 rows
[celeba 164/167] 512/5193 rows
[celeba 164/167] 768/5193 rows
[celeba 164/167] 1024/5193 rows
[celeba 164/167] 1280/5193 rows
[celeba 164/167] 1536/5193 rows
[celeba 164/167] 1792/5193 rows
[celeba 164/167] 2048/5193 rows
[celeba 164/167] 2304/5193 rows
[celeba 164/167] 2560/5193 rows
[celeba 164/167] 2816/5193 rows
[celeba 164/167] 3072/5193 rows
[celeba 164/167] 3328/5193 rows
[celeba 164/167] 3584/5193 rows
[celeba 164/167] 3840/5193 rows
[celeba 164/167] 4096/5193 rows
[celeba 164/167] 4352/5193 rows
[celeba 164/167] 4608/5193 rows
[celeba 164/167] 4864/5193 rows
[celeba 164/167] 5120/5193 rows
[celeba 164/167] 5193/5193 rows
[celeba] shard 164 done: 5193 scored, 0 skipped, 15.7s
[celeba 165/167] 256/5193 rows
[celeba 165/167] 512/5193 rows
[celeba 165/167] 768/5193 rows
[celeba 165/167] 1024/5193 rows
[celeba 165/167] 1280/5193 rows
[celeba 165/167] 1536/5193 rows
[celeba 165/167] 1792/5193 rows
[celeba 165/167] 2048/5193 rows
[celeba 165/167] 2304/5193 rows
[celeba 165/167] 2560/5193 rows
[celeba 165/167] 2816/5193 rows
[celeba 165/167] 3072/5193 rows
[celeba 165/167] 3328/5193 rows
[celeba 165/167] 3584/5193 rows
[celeba 165/167] 3840/5193 rows
[celeba 165/167] 4096/5193 rows
[celeba 165/167] 4352/5193 rows
[celeba 165/167] 4608/5193 rows
[celeba 165/167] 4864/5193 rows
[celeba 165/167] 5120/5193 rows
[celeba 165/167] 5193/5193 rows
[celeba] shard 165 done: 5193 scored, 0 skipped, 16.0s
[celeba 166/167] 256/5193 rows
[celeba 166/167] 512/5193 rows
[celeba 166/167] 768/5193 rows
[celeba 166/167] 1024/5193 rows
[celeba 166/167] 1280/5193 rows
[celeba 166/167] 1536/5193 rows
[celeba 166/167] 1792/5193 rows
[celeba 166/167] 2048/5193 rows
[celeba 166/167] 2304/5193 rows
[celeba 166/167] 2560/5193 rows
[celeba 166/167] 2816/5193 rows
[celeba 166/167] 3072/5193 rows
[celeba 166/167] 3328/5193 rows
[celeba 166/167] 3584/5193 rows
[celeba 166/167] 3840/5193 rows
[celeba 166/167] 4096/5193 rows
[celeba 166/167] 4352/5193 rows
[celeba 166/167] 4608/5193 rows
[celeba 166/167] 4864/5193 rows
[celeba 166/167] 5120/5193 rows
[celeba 166/167] 5193/5193 rows
[celeba] shard 166 done: 5193 scored, 0 skipped, 15.9s
[celeba] all shards scored in 1814.3s
{"images": 525864, "scored": 525864, "detected": 525864, "apcer": 0.06940868018165644, "bpcer": 0.012323195532082802, "auc": 0.9960644704671144, "threshold_sweep": [{"threshold": 0.35, "apcer": 0.06566318647876773, "bpcer": 0.013415892672858616}, {"threshold": 0.4, "apcer": 0.06940868018165644, "bpcer": 0.012323195532082802}, {"threshold": 0.45, "apcer": 0.07334144856968959, "bpcer": 0.011534025374855825}, {"threshold": 0.5, "apcer": 0.0776019476567255, "bpcer": 0.010866266011048382}, {"threshold": 0.55, "apcer": 0.08141766936654338, "bpcer": 0.009591452680143265}, {"threshold": 0.6, "apcer": 0.08567816845357928, "bpcer": 0.008802282522916286}, {"threshold": 0.7, "apcer": 0.09590804812959408, "bpcer": 0.007588174588720937}], "per_species": [{"species": "spoof", "n": 42718, "caught": 39753, "tpr": 0.9305913198183435}], "skipped_no_usable_bbox": 0}
merged celeba_spoof into results-pad-rgb-mn3.json
